[2026-09-18 20:48:03.021] [info] OpenCraft 0.1.0 starting
[2026-09-18 20:48:03.566] [info] GL 4.1 Metal - 89.4 / glad loaded
[2026-09-18 20:48:03.567] [info] save: loaded level.ocd (seed=0x4f50454e43524146, ticks=199, player=(0.50, 132.00, 0.50), hp=20.0)
[2026-09-18 20:48:03.801] [info] startup gen: 25 chunks, total 233.8 ms, avg 9.35 ms/chunk
[2026-09-18 20:48:03.801] [info] respawn point: (0.5, 132.0, 0.5)
[2026-09-18 20:48:03.806] [info] atlas: 60/63 block tiles loaded from ../assets/blocks
[2026-09-18 20:48:03.807] [info] atlas: 144x144 px, 9 tiles/row, crack tiles at 63
[2026-09-18 20:48:03.820] [info] mobs: 0/3 mob models loaded from ../assets/mobs
[2026-09-18 20:48:05.226] [info] mob mossback spawned at (-68.8, 136.0, -39.3) in chunk (-5, -3)
[2026-09-18 20:48:05.226] [info] mob mossback spawned at (-78.2, 128.0, -16.0) in chunk (-5, -2)
[2026-09-18 20:48:05.226] [info] mob mossback spawned at (-74.4, 128.0, -17.6) in chunk (-5, -2)
[2026-09-18 20:48:05.861] [info] fps 40.1 | pos (0.50, 132.00, 0.50) | chunks 113 | stream-meshed 104
[2026-09-18 20:48:05.883] [info] mob mossback spawned at (-94.3, 131.0, -70.0) in chunk (-6, -5)
[2026-09-18 20:48:06.620] [info] mob mossback spawned at (-81.6, 134.0, -87.9) in chunk (-6, -6)
[2026-09-18 20:48:06.620] [info] mob mossback spawned at (-81.1, 134.0, -92.2) in chunk (-6, -6)
[2026-09-18 20:48:06.771] [info] mob mossback spawned at (-83.9, 134.0, -33.7) in chunk (-6, -3)
[2026-09-18 20:48:07.883] [info] fps 69.2 | pos (0.50, 132.00, 0.50) | chunks 113 | stream-meshed 104
[2026-09-18 20:48:08.646] [info] mob blastbud spawned at (-57.8, 42.0, 68.3) in chunk (-4, 4)
[2026-09-18 20:48:09.896] [info] fps 72.0 | pos (0.50, 132.00, 0.50) | chunks 113 | stream-meshed 104
[2026-09-18 20:48:11.903] [info] fps 72.2 | pos (0.50, 132.00, 0.50) | chunks 113 | stream-meshed 104
[2026-09-18 20:48:13.903] [info] fps 72.0 | pos (0.50, 132.00, 0.50) | chunks 113 | stream-meshed 104
[2026-09-18 20:48:14.000] [info] mob blastbud spawned at (79.2, 85.0, -21.4) in chunk (4, -2)
[2026-09-18 20:48:14.000] [info] mob blastbud spawned at (75.3, 85.0, -18.0) in chunk (4, -2)
[2026-09-18 20:48:14.000] [info] mob blastbud spawned at (76.3, 85.0, -19.6) in chunk (4, -2)
[2026-09-18 20:48:14.000] [info] mob blastbud spawned at (78.0, 85.0, -20.0) in chunk (4, -2)
[2026-09-18 20:48:15.910] [info] fps 73.8 | pos (0.50, 132.00, 0.50) | chunks 113 | stream-meshed 104
[2026-09-18 20:48:16.077] [info] autosave: 0 chunk(s) queued for async write, level written (ticks=398)
[2026-09-18 20:48:17.910] [info] fps 73.0 | pos (0.50, 132.00, 0.50) | chunks 113 | stream-meshed 104
