[2026-09-17 23:45:59.528] [info] OpenCraft 0.1.0 starting
[2026-09-17 23:45:59.657] [info] GL 4.1 Metal - 89.4 / glad loaded
[2026-09-17 23:45:59.657] [info] save: no level.ocd, new world with seed 0x4f50454e43524146
[2026-09-17 23:45:59.880] [info] startup gen: 25 chunks, total 222.8 ms, avg 8.91 ms/chunk
[2026-09-17 23:45:59.880] [info] spawn scan: surface at (0.5, 132.0, 0.5)
[2026-09-17 23:45:59.880] [info] atlas: 144x144 px, 9 tiles/row, crack tiles at 63
[2026-09-17 23:46:01.922] [info] fps 42.1 | pos (0.50, 132.00, 0.50) | chunks 113 | stream-meshed 104
[2026-09-17 23:46:03.943] [info] fps 68.7 | pos (0.50, 132.00, 0.50) | chunks 113 | stream-meshed 104
[2026-09-17 23:46:05.111] [info] item drop sod_loam spawned at (0.50, 131.38, -0.50) [entity 1]
[2026-09-17 23:46:05.123] [info] remeshed 4 chunk(s) in 11.86 ms (last mesh 2.61 ms)
[2026-09-17 23:46:05.959] [info] fps 73.0 | pos (0.50, 132.00, 0.50) | chunks 113 | stream-meshed 104
[2026-09-17 23:46:07.027] [info] placed stone at (0, 131, -1); consumed 1 from slot 0 (63 left)
[2026-09-17 23:46:07.042] [info] remeshed 4 chunk(s) in 14.74 ms (last mesh 3.17 ms)
[2026-09-17 23:46:07.964] [info] fps 71.2 | pos (0.50, 132.00, 0.50) | chunks 113 | stream-meshed 104
[2026-09-17 23:46:09.977] [info] fps 73.1 | pos (0.50, 132.12, 0.50) | chunks 113 | stream-meshed 104
[2026-09-17 23:46:11.985] [info] fps 72.2 | pos (0.50, 132.00, 0.50) | chunks 113 | stream-meshed 104
[2026-09-17 23:46:12.056] [info] autosave: 1 chunk(s) queued for async write, level written (ticks=199)
[2026-09-17 23:46:13.985] [info] fps 72.0 | pos (0.50, 132.00, 0.50) | chunks 113 | stream-meshed 104
[2026-09-17 23:46:15.998] [info] fps 72.0 | pos (0.50, 132.00, 0.50) | chunks 113 | stream-meshed 104
[2026-09-17 23:46:18.013] [info] fps 72.0 | pos (0.50, 132.00, 0.50) | chunks 113 | stream-meshed 104
[2026-09-17 23:46:20.013] [info] fps 72.0 | pos (0.50, 132.00, 0.50) | chunks 113 | stream-meshed 104
[2026-09-17 23:46:22.013] [info] fps 72.0 | pos (0.50, 132.00, 0.50) | chunks 113 | stream-meshed 104
[2026-09-17 23:46:22.111] [info] autosave: 0 chunk(s) queued for async write, level written (ticks=399)
[2026-09-17 23:46:24.025] [info] fps 72.0 | pos (0.50, 132.00, 0.50) | chunks 113 | stream-meshed 104
