[2026-09-16 23:30:40.488] [info] OpenCraft 0.1.0 starting
[2026-09-16 23:30:40.833] [info] GL 4.1 Metal - 89.4 / glad loaded
[2026-09-16 23:30:40.834] [info] save: no level.ocd, new world with seed 0x4f50454e43524146
[2026-09-16 23:30:41.059] [info] startup gen: 25 chunks, total 225.1 ms, avg 9.00 ms/chunk
[2026-09-16 23:30:41.059] [info] spawn scan: surface at (0.5, 132.0, 0.5)
[2026-09-16 23:30:41.060] [info] atlas: 144x144 px, 9 tiles/row, crack tiles at 63
[2026-09-16 23:30:43.102] [info] fps 44.2 | pos (0.50, 132.00, 0.50) | chunks 113 | stream-meshed 104
[2026-09-16 23:30:45.113] [info] fps 78.2 | pos (0.50, 132.00, 0.50) | chunks 113 | stream-meshed 104
[2026-09-16 23:30:47.135] [info] fps 82.0 | pos (0.50, 132.00, 0.50) | chunks 113 | stream-meshed 104
[2026-09-16 23:30:49.150] [info] fps 88.5 | pos (0.50, 132.00, 0.50) | chunks 113 | stream-meshed 104
[2026-09-16 23:30:51.155] [info] fps 90.6 | pos (0.50, 132.00, 0.50) | chunks 113 | stream-meshed 104
[2026-09-16 23:30:53.164] [info] fps 85.2 | pos (0.50, 132.00, 0.50) | chunks 113 | stream-meshed 104
[2026-09-16 23:30:53.226] [info] autosave: 0 chunk(s) queued for async write, level written (ticks=199)
[2026-09-16 23:30:55.165] [info] fps 88.0 | pos (0.50, 132.00, 0.50) | chunks 113 | stream-meshed 104
[2026-09-16 23:30:57.176] [info] fps 83.4 | pos (0.50, 132.00, 0.50) | chunks 113 | stream-meshed 104
[2026-09-16 23:30:59.183] [info] fps 85.5 | pos (0.50, 132.00, 0.50) | chunks 113 | stream-meshed 104
[2026-09-16 23:31:01.197] [info] fps 87.1 | pos (0.50, 132.00, 0.50) | chunks 113 | stream-meshed 104
[2026-09-16 23:31:03.196] [info] fps 82.2 | pos (0.50, 132.00, 0.50) | chunks 113 | stream-meshed 104
[2026-09-16 23:31:03.303] [info] autosave: 0 chunk(s) queued for async write, level written (ticks=399)
[2026-09-16 23:31:05.217] [info] fps 80.5 | pos (0.50, 132.00, 0.50) | chunks 113 | stream-meshed 104
[2026-09-16 23:31:07.224] [info] fps 81.5 | pos (0.50, 132.00, 0.50) | chunks 113 | stream-meshed 104
[2026-09-16 23:31:09.225] [info] fps 88.5 | pos (0.50, 132.00, 0.50) | chunks 113 | stream-meshed 104
[2026-09-16 23:31:11.238] [info] fps 88.2 | pos (0.50, 132.00, 0.50) | chunks 113 | stream-meshed 104
[2026-09-16 23:31:13.238] [info] fps 80.0 | pos (0.50, 132.00, 0.50) | chunks 113 | stream-meshed 104
[2026-09-16 23:31:13.365] [info] autosave: 0 chunk(s) queued for async write, level written (ticks=599)
[2026-09-16 23:31:15.245] [info] fps 87.9 | pos (0.50, 132.00, 0.50) | chunks 113 | stream-meshed 104
[2026-09-16 23:31:17.245] [info] fps 81.5 | pos (0.50, 132.00, 0.50) | chunks 113 | stream-meshed 104
[2026-09-16 23:31:19.259] [info] fps 88.2 | pos (0.50, 132.00, 0.50) | chunks 113 | stream-meshed 104
[2026-09-16 23:31:21.259] [info] fps 88.0 | pos (0.50, 132.00, 0.50) | chunks 113 | stream-meshed 104
[2026-09-16 23:31:23.265] [info] fps 82.9 | pos (0.50, 132.00, 0.50) | chunks 113 | stream-meshed 104
[2026-09-16 23:31:23.412] [info] autosave: 0 chunk(s) queued for async write, level written (ticks=799)
[2026-09-16 23:31:25.265] [info] fps 87.0 | pos (0.50, 132.00, 0.50) | chunks 113 | stream-meshed 104
[2026-09-16 23:31:27.279] [info] fps 84.7 | pos (0.50, 132.00, 0.50) | chunks 113 | stream-meshed 104
[2026-09-16 23:31:29.280] [info] fps 90.5 | pos (0.50, 132.00, 0.50) | chunks 113 | stream-meshed 104
[2026-09-16 23:31:31.286] [info] fps 88.4 | pos (0.50, 132.00, 0.50) | chunks 113 | stream-meshed 104
[2026-09-16 23:31:33.286] [info] fps 83.0 | pos (0.50, 132.00, 0.50) | chunks 113 | stream-meshed 104
[2026-09-16 23:31:33.467] [info] autosave: 0 chunk(s) queued for async write, level written (ticks=999)
[2026-09-16 23:31:35.300] [info] fps 86.2 | pos (0.50, 132.00, 0.50) | chunks 113 | stream-meshed 104
[2026-09-16 23:31:37.308] [info] fps 81.2 | pos (0.50, 132.00, 0.50) | chunks 113 | stream-meshed 104
[2026-09-16 23:31:39.307] [info] fps 83.8 | pos (0.50, 132.00, 0.50) | chunks 113 | stream-meshed 104
[2026-09-16 23:31:41.321] [info] fps 82.7 | pos (0.50, 132.00, 0.50) | chunks 113 | stream-meshed 104
[2026-09-16 23:31:43.321] [info] fps 79.0 | pos (0.50, 132.00, 0.50) | chunks 113 | stream-meshed 104
[2026-09-16 23:31:43.496] [info] autosave: 0 chunk(s) queued for async write, level written (ticks=1199)
[2026-09-16 23:31:45.321] [info] fps 88.5 | pos (0.50, 132.00, 0.50) | chunks 113 | stream-meshed 104
[2026-09-16 23:31:47.328] [info] fps 87.2 | pos (0.50, 132.00, 0.50) | chunks 113 | stream-meshed 104
[2026-09-16 23:31:49.328] [info] fps 72.0 | pos (0.50, 132.00, 0.50) | chunks 113 | stream-meshed 104
[2026-09-16 23:31:51.328] [info] fps 72.0 | pos (0.50, 132.00, 0.50) | chunks 113 | stream-meshed 104
[2026-09-16 23:31:53.341] [info] fps 72.0 | pos (0.50, 132.00, 0.50) | chunks 113 | stream-meshed 104
[2026-09-16 23:31:53.550] [info] autosave: 0 chunk(s) queued for async write, level written (ticks=1399)
[2026-09-16 23:31:55.348] [info] fps 78.0 | pos (0.50, 132.00, 0.50) | chunks 113 | stream-meshed 104
[2026-09-16 23:31:57.370] [info] fps 86.8 | pos (0.50, 132.00, 0.50) | chunks 113 | stream-meshed 104
[2026-09-16 23:31:59.376] [info] fps 72.3 | pos (0.50, 132.00, 0.50) | chunks 113 | stream-meshed 104
[2026-09-16 23:32:01.390] [info] fps 71.9 | pos (0.50, 132.00, 0.50) | chunks 113 | stream-meshed 104
[2026-09-16 23:32:03.397] [info] fps 78.8 | pos (0.50, 132.00, 0.50) | chunks 113 | stream-meshed 104
[2026-09-16 23:32:03.593] [info] autosave: 0 chunk(s) queued for async write, level written (ticks=1599)
[2026-09-16 23:32:05.403] [info] fps 75.7 | pos (0.50, 132.00, 0.50) | chunks 113 | stream-meshed 104
[2026-09-16 23:32:07.403] [info] fps 72.0 | pos (0.50, 132.00, 0.50) | chunks 113 | stream-meshed 104
[2026-09-16 23:32:09.403] [info] fps 72.0 | pos (0.50, 132.00, 0.50) | chunks 113 | stream-meshed 104
[2026-09-16 23:32:11.403] [info] fps 72.0 | pos (0.50, 132.00, 0.50) | chunks 113 | stream-meshed 104
[2026-09-16 23:32:13.403] [info] fps 72.0 | pos (0.50, 132.00, 0.50) | chunks 113 | stream-meshed 104
[2026-09-16 23:32:13.612] [info] autosave: 0 chunk(s) queued for async write, level written (ticks=1799)
[2026-09-16 23:32:15.403] [info] fps 72.0 | pos (0.50, 132.00, 0.50) | chunks 113 | stream-meshed 104
[2026-09-16 23:32:17.411] [info] fps 84.0 | pos (0.50, 132.00, 0.50) | chunks 113 | stream-meshed 104
[2026-09-16 23:32:19.424] [info] fps 75.8 | pos (0.50, 132.00, 0.50) | chunks 113 | stream-meshed 104
[2026-09-16 23:32:21.424] [info] fps 75.5 | pos (0.50, 132.00, 0.50) | chunks 113 | stream-meshed 104
[2026-09-16 23:32:23.433] [info] fps 86.1 | pos (0.50, 132.00, 0.50) | chunks 113 | stream-meshed 104
[2026-09-16 23:32:23.671] [info] autosave: 0 chunk(s) queued for async write, level written (ticks=1999)
[2026-09-16 23:32:25.445] [info] fps 85.0 | pos (0.50, 132.00, 0.50) | chunks 113 | stream-meshed 104
[2026-09-16 23:32:27.438] [info] fps 83.5 | pos (0.50, 132.00, 0.50) | chunks 113 | stream-meshed 104
[2026-09-16 23:32:29.460] [info] fps 83.4 | pos (0.50, 132.00, 0.50) | chunks 113 | stream-meshed 104
[2026-09-16 23:32:31.458] [info] fps 87.3 | pos (0.50, 132.00, 0.50) | chunks 113 | stream-meshed 104
[2026-09-16 23:32:33.467] [info] fps 85.5 | pos (0.50, 132.00, 0.50) | chunks 113 | stream-meshed 104
[2026-09-16 23:32:33.718] [info] autosave: 0 chunk(s) queued for async write, level written (ticks=2199)
[2026-09-16 23:32:35.472] [info] fps 83.2 | pos (0.50, 132.00, 0.50) | chunks 113 | stream-meshed 104
[2026-09-16 23:32:37.479] [info] fps 85.4 | pos (0.50, 132.00, 0.50) | chunks 113 | stream-meshed 104
[2026-09-16 23:32:39.480] [info] fps 80.0 | pos (0.50, 132.00, 0.50) | chunks 113 | stream-meshed 104
[2026-09-16 23:32:41.501] [info] fps 85.9 | pos (0.50, 132.00, 0.50) | chunks 113 | stream-meshed 104
[2026-09-16 23:32:43.507] [info] fps 77.3 | pos (0.50, 132.00, 0.50) | chunks 113 | stream-meshed 104
[2026-09-16 23:32:43.766] [info] autosave: 0 chunk(s) queued for async write, level written (ticks=2399)
[2026-09-16 23:32:45.514] [info] fps 80.2 | pos (0.50, 132.00, 0.50) | chunks 113 | stream-meshed 104
[2026-09-16 23:32:47.535] [info] fps 72.0 | pos (0.50, 132.00, 0.50) | chunks 113 | stream-meshed 104
[2026-09-16 23:32:49.536] [info] fps 77.8 | pos (0.50, 132.00, 0.50) | chunks 113 | stream-meshed 104
[2026-09-16 23:32:51.543] [info] fps 72.0 | pos (0.50, 132.00, 0.50) | chunks 113 | stream-meshed 104
[2026-09-16 23:32:53.542] [info] fps 80.2 | pos (0.50, 132.00, 0.50) | chunks 113 | stream-meshed 104
[2026-09-16 23:32:53.806] [info] autosave: 0 chunk(s) queued for async write, level written (ticks=2599)
[2026-09-16 23:32:55.555] [info] fps 72.0 | pos (0.50, 132.00, 0.50) | chunks 113 | stream-meshed 104
[2026-09-16 23:32:57.555] [info] fps 71.9 | pos (0.50, 132.00, 0.50) | chunks 113 | stream-meshed 104
[2026-09-16 23:32:59.570] [info] fps 72.1 | pos (0.50, 132.00, 0.50) | chunks 113 | stream-meshed 104
[2026-09-16 23:33:01.562] [info] fps 73.5 | pos (0.50, 132.00, 0.50) | chunks 113 | stream-meshed 104
[2026-09-16 23:33:03.584] [info] fps 85.4 | pos (0.50, 132.00, 0.50) | chunks 113 | stream-meshed 104
[2026-09-16 23:33:03.848] [info] autosave: 0 chunk(s) queued for async write, level written (ticks=2799)
[2026-09-16 23:33:05.597] [info] fps 72.1 | pos (0.50, 132.00, 0.50) | chunks 113 | stream-meshed 104
[2026-09-16 23:33:07.597] [info] fps 71.9 | pos (0.50, 132.00, 0.50) | chunks 113 | stream-meshed 104
[2026-09-16 23:33:09.611] [info] fps 72.1 | pos (0.50, 132.00, 0.50) | chunks 113 | stream-meshed 104
[2026-09-16 23:33:11.604] [info] fps 80.5 | pos (0.50, 132.00, 0.50) | chunks 113 | stream-meshed 104
[2026-09-16 23:33:13.604] [info] fps 88.0 | pos (0.50, 132.00, 0.50) | chunks 113 | stream-meshed 104
[2026-09-16 23:33:13.889] [info] autosave: 0 chunk(s) queued for async write, level written (ticks=2999)
[2026-09-16 23:33:15.617] [info] fps 79.9 | pos (0.50, 132.00, 0.50) | chunks 113 | stream-meshed 104
[2026-09-16 23:33:17.625] [info] fps 90.8 | pos (0.50, 132.00, 0.50) | chunks 113 | stream-meshed 104
[2026-09-16 23:33:19.638] [info] fps 84.2 | pos (0.50, 132.00, 0.50) | chunks 113 | stream-meshed 104
[2026-09-16 23:33:21.638] [info] fps 83.5 | pos (0.50, 132.00, 0.50) | chunks 113 | stream-meshed 104
[2026-09-16 23:33:23.645] [info] fps 87.4 | pos (0.50, 132.00, 0.50) | chunks 113 | stream-meshed 104
[2026-09-16 23:33:23.946] [info] autosave: 0 chunk(s) queued for async write, level written (ticks=3199)
[2026-09-16 23:33:25.645] [info] fps 88.0 | pos (0.50, 132.00, 0.50) | chunks 113 | stream-meshed 104
[2026-09-16 23:33:27.659] [info] fps 82.7 | pos (0.50, 132.00, 0.50) | chunks 113 | stream-meshed 104
[2026-09-16 23:33:29.675] [info] fps 85.9 | pos (0.50, 132.00, 0.50) | chunks 113 | stream-meshed 104
[2026-09-16 23:33:31.687] [info] fps 77.5 | pos (0.50, 132.00, 0.50) | chunks 113 | stream-meshed 104
[2026-09-16 23:33:33.695] [info] fps 81.2 | pos (0.50, 132.00, 0.50) | chunks 113 | stream-meshed 104
[2026-09-16 23:33:33.972] [info] autosave: 0 chunk(s) queued for async write, level written (ticks=3399)
[2026-09-16 23:33:35.708] [info] fps 72.0 | pos (0.50, 132.00, 0.50) | chunks 113 | stream-meshed 104
[2026-09-16 23:33:37.708] [info] fps 72.0 | pos (0.50, 132.00, 0.50) | chunks 113 | stream-meshed 104
[2026-09-16 23:33:39.721] [info] fps 72.0 | pos (0.50, 132.00, 0.50) | chunks 113 | stream-meshed 104
[2026-09-16 23:33:41.721] [info] fps 75.5 | pos (0.50, 132.00, 0.50) | chunks 113 | stream-meshed 104
[2026-09-16 23:33:43.736] [info] fps 74.0 | pos (0.50, 132.00, 0.50) | chunks 113 | stream-meshed 104
[2026-09-16 23:33:44.000] [info] autosave: 0 chunk(s) queued for async write, level written (ticks=3599)
[2026-09-16 23:33:45.735] [info] fps 83.8 | pos (0.50, 132.00, 0.50) | chunks 113 | stream-meshed 104
[2026-09-16 23:33:47.735] [info] fps 79.5 | pos (0.50, 132.00, 0.50) | chunks 113 | stream-meshed 104
[2026-09-16 23:33:49.749] [info] fps 78.2 | pos (0.50, 132.00, 0.50) | chunks 113 | stream-meshed 104
[2026-09-16 23:33:51.749] [info] fps 78.0 | pos (0.50, 132.00, 0.50) | chunks 113 | stream-meshed 104
[2026-09-16 23:33:53.756] [info] fps 81.5 | pos (0.50, 132.00, 0.50) | chunks 113 | stream-meshed 104
[2026-09-16 23:33:54.036] [info] autosave: 0 chunk(s) queued for async write, level written (ticks=3799)
[2026-09-16 23:33:55.776] [info] fps 74.9 | pos (0.50, 132.00, 0.50) | chunks 113 | stream-meshed 104
[2026-09-16 23:33:57.790] [info] fps 81.0 | pos (0.50, 132.00, 0.50) | chunks 113 | stream-meshed 104
[2026-09-16 23:33:59.791] [info] fps 88.0 | pos (0.50, 132.00, 0.50) | chunks 113 | stream-meshed 104
[2026-09-16 23:34:01.797] [info] fps 73.7 | pos (0.50, 132.00, 0.50) | chunks 113 | stream-meshed 104
[2026-09-16 23:34:03.799] [info] fps 71.9 | pos (0.50, 132.00, 0.50) | chunks 113 | stream-meshed 104
[2026-09-16 23:34:04.078] [info] autosave: 0 chunk(s) queued for async write, level written (ticks=3999)
[2026-09-16 23:34:05.811] [info] fps 72.0 | pos (0.50, 132.00, 0.50) | chunks 113 | stream-meshed 104
[2026-09-16 23:34:07.826] [info] fps 72.0 | pos (0.50, 132.00, 0.50) | chunks 113 | stream-meshed 104
[2026-09-16 23:34:09.826] [info] fps 72.0 | pos (0.50, 132.00, 0.50) | chunks 113 | stream-meshed 104
[2026-09-16 23:34:11.839] [info] fps 71.9 | pos (0.50, 132.00, 0.50) | chunks 113 | stream-meshed 104
[2026-09-16 23:34:13.839] [info] fps 78.7 | pos (0.50, 132.00, 0.50) | chunks 113 | stream-meshed 104
[2026-09-16 23:34:14.112] [info] autosave: 0 chunk(s) queued for async write, level written (ticks=4199)
[2026-09-16 23:34:15.860] [info] fps 81.4 | pos (0.50, 132.00, 0.50) | chunks 113 | stream-meshed 104
[2026-09-16 23:34:17.860] [info] fps 72.0 | pos (0.50, 132.00, 0.50) | chunks 113 | stream-meshed 104
[2026-09-16 23:34:19.868] [info] fps 74.3 | pos (0.50, 132.00, 0.50) | chunks 113 | stream-meshed 104
[2026-09-16 23:34:21.867] [info] fps 85.9 | pos (0.50, 132.00, 0.50) | chunks 113 | stream-meshed 104
[2026-09-16 23:34:23.874] [info] fps 78.3 | pos (0.50, 132.00, 0.50) | chunks 113 | stream-meshed 104
[2026-09-16 23:34:24.166] [info] autosave: 0 chunk(s) queued for async write, level written (ticks=4399)
[2026-09-16 23:34:25.873] [info] fps 91.0 | pos (0.50, 132.00, 0.50) | chunks 113 | stream-meshed 104
[2026-09-16 23:34:27.892] [info] fps 91.5 | pos (0.50, 132.00, 0.50) | chunks 113 | stream-meshed 104
[2026-09-16 23:34:29.893] [info] fps 79.0 | pos (0.50, 132.00, 0.50) | chunks 113 | stream-meshed 104
[2026-09-16 23:34:31.883] [info] fps 86.5 | pos (0.50, 132.00, 0.50) | chunks 113 | stream-meshed 104
[2026-09-16 23:34:33.905] [info] fps 90.3 | pos (0.50, 132.00, 0.50) | chunks 113 | stream-meshed 104
[2026-09-16 23:34:34.252] [info] autosave: 0 chunk(s) queued for async write, level written (ticks=4599)
[2026-09-16 23:34:35.917] [info] fps 88.4 | pos (0.50, 132.00, 0.50) | chunks 113 | stream-meshed 104
[2026-09-16 23:34:37.925] [info] fps 88.2 | pos (0.50, 132.00, 0.50) | chunks 113 | stream-meshed 104
[2026-09-16 23:34:39.937] [info] fps 83.9 | pos (0.50, 132.00, 0.50) | chunks 113 | stream-meshed 104
[2026-09-16 23:34:41.945] [info] fps 88.2 | pos (0.50, 132.00, 0.50) | chunks 113 | stream-meshed 104
[2026-09-16 23:34:43.944] [info] fps 87.5 | pos (0.50, 132.00, 0.50) | chunks 113 | stream-meshed 104
[2026-09-16 23:34:44.333] [info] autosave: 0 chunk(s) queued for async write, level written (ticks=4799)
[2026-09-16 23:34:45.957] [info] fps 84.9 | pos (0.50, 132.00, 0.50) | chunks 113 | stream-meshed 104
[2026-09-16 23:34:47.955] [info] fps 88.7 | pos (0.50, 132.00, 0.50) | chunks 113 | stream-meshed 104
[2026-09-16 23:34:49.977] [info] fps 88.5 | pos (0.50, 132.00, 0.50) | chunks 113 | stream-meshed 104
[2026-09-16 23:34:51.977] [info] fps 88.9 | pos (0.50, 132.00, 0.50) | chunks 113 | stream-meshed 104
[2026-09-16 23:34:53.993] [info] fps 87.9 | pos (0.50, 132.00, 0.50) | chunks 113 | stream-meshed 104
[2026-09-16 23:34:54.431] [info] autosave: 0 chunk(s) queued for async write, level written (ticks=4999)
[2026-09-16 23:34:56.006] [info] fps 80.9 | pos (0.50, 132.00, 0.50) | chunks 113 | stream-meshed 104
[2026-09-16 23:34:58.018] [info] fps 82.0 | pos (0.50, 132.00, 0.50) | chunks 113 | stream-meshed 104
[2026-09-16 23:35:00.018] [info] fps 82.7 | pos (0.50, 132.00, 0.50) | chunks 113 | stream-meshed 104
[2026-09-16 23:35:02.034] [info] fps 88.3 | pos (0.50, 132.00, 0.50) | chunks 113 | stream-meshed 104
[2026-09-16 23:35:04.033] [info] fps 88.0 | pos (0.50, 132.00, 0.50) | chunks 113 | stream-meshed 104
[2026-09-16 23:35:04.506] [info] autosave: 0 chunk(s) queued for async write, level written (ticks=5199)
[2026-09-16 23:35:06.038] [info] fps 82.2 | pos (0.50, 132.00, 0.50) | chunks 113 | stream-meshed 104
[2026-09-16 23:35:08.047] [info] fps 88.7 | pos (0.50, 132.00, 0.50) | chunks 113 | stream-meshed 104
[2026-09-16 23:35:10.037] [info] fps 84.5 | pos (0.50, 132.00, 0.50) | chunks 113 | stream-meshed 104
[2026-09-16 23:35:12.059] [info] fps 87.5 | pos (0.50, 132.00, 0.50) | chunks 113 | stream-meshed 104
[2026-09-16 23:35:14.074] [info] fps 87.4 | pos (0.50, 132.00, 0.50) | chunks 113 | stream-meshed 104
[2026-09-16 23:35:14.560] [info] autosave: 0 chunk(s) queued for async write, level written (ticks=5399)
[2026-09-16 23:35:16.080] [info] fps 81.7 | pos (0.50, 132.00, 0.50) | chunks 113 | stream-meshed 104
[2026-09-16 23:35:18.094] [info] fps 87.4 | pos (0.50, 132.00, 0.50) | chunks 113 | stream-meshed 104
[2026-09-16 23:35:20.101] [info] fps 87.6 | pos (0.50, 132.00, 0.50) | chunks 113 | stream-meshed 104
