[2026-09-16 23:44:09.571] [info] OpenCraft 0.1.0 starting
[2026-09-16 23:44:10.134] [info] GL 4.1 Metal - 89.4 / glad loaded
[2026-09-16 23:44:10.135] [info] save: loaded level.ocd (seed=0x4f50454e43524146, ticks=599, player=(0.50, 132.00, 0.50), hp=20.0)
[2026-09-16 23:44:10.149] [info] chunk (0, 0) loaded from disk
[2026-09-16 23:44:10.160] [info] chunk (-1, 0) loaded from disk
[2026-09-16 23:44:10.167] [info] chunk (0, -1) loaded from disk
[2026-09-16 23:44:10.192] [info] chunk (-1, -1) loaded from disk
[2026-09-16 23:44:10.209] [info] chunk (1, -1) loaded from disk
[2026-09-16 23:44:10.386] [info] startup gen: 25 chunks, total 249.0 ms, avg 9.96 ms/chunk
[2026-09-16 23:44:10.387] [info] atlas: 144x144 px, 9 tiles/row, crack tiles at 63
[2026-09-16 23:44:12.442] [info] fps 38.1 | pos (0.50, 132.00, 0.50) | chunks 113 | stream-meshed 104
[2026-09-16 23:44:14.469] [info] fps 67.0 | pos (0.50, 132.00, 0.50) | chunks 113 | stream-meshed 104
[2026-09-16 23:44:16.476] [info] fps 72.2 | pos (0.50, 132.00, 0.50) | chunks 113 | stream-meshed 104
[2026-09-16 23:44:18.483] [info] fps 72.8 | pos (0.50, 132.00, 0.50) | chunks 113 | stream-meshed 104
[2026-09-16 23:44:19.955] [info] placed stone at (1, 132, 0); consumed 1 from slot 0 (63 left)
[2026-09-16 23:44:19.970] [info] remeshed 6 chunk(s) in 15.25 ms (last mesh 2.52 ms)
[2026-09-16 23:44:20.483] [info] fps 71.5 | pos (0.50, 132.00, 0.50) | chunks 113 | stream-meshed 104
[2026-09-16 23:44:22.491] [info] fps 72.3 | pos (0.50, 132.00, 0.50) | chunks 113 | stream-meshed 104
[2026-09-16 23:44:22.589] [info] autosave: 1 chunk(s) queued for async write, level written (ticks=798)
[2026-09-16 23:44:24.504] [info] fps 72.0 | pos (0.50, 132.00, 0.50) | chunks 113 | stream-meshed 104
[2026-09-16 23:44:26.504] [info] fps 72.0 | pos (0.50, 132.00, 0.50) | chunks 113 | stream-meshed 104
[2026-09-16 23:44:28.504] [info] fps 73.0 | pos (0.50, 132.00, 0.50) | chunks 113 | stream-meshed 104
[2026-09-16 23:44:30.504] [info] fps 72.0 | pos (0.50, 132.00, 0.50) | chunks 113 | stream-meshed 104
[2026-09-16 23:44:32.517] [info] fps 72.1 | pos (0.50, 132.00, 0.50) | chunks 113 | stream-meshed 104
[2026-09-16 23:44:32.616] [info] autosave: 0 chunk(s) queued for async write, level written (ticks=998)
[2026-09-16 23:44:34.518] [info] fps 72.0 | pos (0.50, 132.00, 0.50) | chunks 113 | stream-meshed 104
[2026-09-16 23:44:36.517] [info] fps 72.0 | pos (0.50, 132.00, 0.50) | chunks 113 | stream-meshed 104
[2026-09-16 23:44:38.532] [info] fps 72.0 | pos (0.50, 132.00, 0.50) | chunks 113 | stream-meshed 104
