[2026-09-18 07:43:29.201] [info] OpenCraft 0.1.0 starting
[2026-09-18 07:43:29.335] [info] GL 4.1 Metal - 89.4 / glad loaded
[2026-09-18 07:43:29.335] [info] save: loaded level.ocd (seed=0x4f50454e43524146, ticks=6765, player=(8.50, 200.00, -6.50), hp=20.0)
[2026-09-18 07:43:29.349] [info] chunk (-1, 0) loaded from disk
[2026-09-18 07:43:29.355] [info] chunk (0, -1) loaded from disk
[2026-09-18 07:43:29.377] [info] chunk (-1, -1) loaded from disk
[2026-09-18 07:43:29.410] [info] chunk (-2, 0) loaded from disk
[2026-09-18 07:43:29.450] [info] chunk (-2, -1) loaded from disk
[2026-09-18 07:43:29.540] [info] startup gen: 25 chunks, total 204.2 ms, avg 8.17 ms/chunk
[2026-09-18 07:43:29.540] [info] respawn point: (0.5, 133.0, -8.5)
[2026-09-18 07:43:29.546] [info] atlas: 42/63 block tiles loaded from ../assets/blocks
[2026-09-18 07:43:29.546] [info] atlas: 144x144 px, 9 tiles/row, crack tiles at 63
[2026-09-18 07:43:29.712] [info] chunk (-3, -1) loaded from disk
[2026-09-18 07:43:29.743] [info] chunk (-3, 0) loaded from disk
[2026-09-18 07:43:30.760] [info] chunk (6, 0) loaded from disk
[2026-09-18 07:43:30.791] [info] mob mossback spawned at (-78.4, 138.0, -61.5) in chunk (-5, -4)
[2026-09-18 07:43:30.791] [info] mob mossback spawned at (-66.8, 133.0, -33.1) in chunk (-5, -3)
[2026-09-18 07:43:30.791] [info] mob mossback spawned at (-83.0, 131.0, -22.5) in chunk (-5, -2)
[2026-09-18 07:43:30.791] [info] mob mossback spawned at (-79.8, 131.0, -24.3) in chunk (-5, -2)
[2026-09-18 07:43:31.144] [info] chunk (7, 0) loaded from disk
[2026-09-18 07:43:31.376] [info] mob mossback spawned at (-84.6, 134.0, -37.6) in chunk (-6, -3)
[2026-09-18 07:43:31.376] [info] mob mossback spawned at (-80.4, 134.0, -36.9) in chunk (-6, -3)
[2026-09-18 07:43:31.584] [info] fps 42.8 | pos (8.50, 199.54, -6.50) | chunks 113 | stream-meshed 104
[2026-09-18 07:43:31.813] [info] mob mossback spawned at (-98.3, 133.0, -29.8) in chunk (-7, -2)
[2026-09-18 07:43:33.596] [info] fps 68.9 | pos (8.50, 199.00, -6.50) | chunks 113 | stream-meshed 104
[2026-09-18 07:43:35.596] [info] fps 72.0 | pos (8.50, 199.00, -6.50) | chunks 113 | stream-meshed 104
[2026-09-18 07:43:37.596] [info] fps 72.0 | pos (8.50, 199.00, -6.50) | chunks 113 | stream-meshed 104
[2026-09-18 07:43:39.610] [info] fps 72.0 | pos (8.50, 199.00, -6.50) | chunks 113 | stream-meshed 104
[2026-09-18 07:43:41.610] [info] fps 72.0 | pos (8.50, 199.00, -6.50) | chunks 113 | stream-meshed 104
[2026-09-18 07:43:41.694] [info] autosave: 0 chunk(s) queued for async write, level written (ticks=6964)
