[2026-09-18 07:43:55.122] [info] OpenCraft 0.1.0 starting
[2026-09-18 07:43:55.233] [info] GL 4.1 Metal - 89.4 / glad loaded
[2026-09-18 07:43:55.233] [info] save: loaded level.ocd (seed=0x4f50454e43524146, ticks=6765, player=(8.50, 200.00, -6.50), hp=20.0)
[2026-09-18 07:43:55.246] [info] chunk (-1, 0) loaded from disk
[2026-09-18 07:43:55.252] [info] chunk (0, -1) loaded from disk
[2026-09-18 07:43:55.274] [info] chunk (-1, -1) loaded from disk
[2026-09-18 07:43:55.305] [info] chunk (-2, 0) loaded from disk
[2026-09-18 07:43:55.346] [info] chunk (-2, -1) loaded from disk
[2026-09-18 07:43:55.436] [info] startup gen: 25 chunks, total 202.7 ms, avg 8.11 ms/chunk
[2026-09-18 07:43:55.436] [info] respawn point: (0.5, 133.0, -8.5)
[2026-09-18 07:43:55.442] [info] atlas: 60/63 block tiles loaded from ../assets/blocks
[2026-09-18 07:43:55.442] [info] atlas: 144x144 px, 9 tiles/row, crack tiles at 63
[2026-09-18 07:43:55.597] [info] chunk (-3, -1) loaded from disk
[2026-09-18 07:43:55.632] [info] chunk (-3, 0) loaded from disk
[2026-09-18 07:43:56.022] [info] mob mossback spawned at (-36.4, 138.0, -62.9) in chunk (-3, -4)
[2026-09-18 07:43:56.651] [info] chunk (6, 0) loaded from disk
[2026-09-18 07:43:56.755] [info] mob mossback spawned at (-78.4, 138.0, -61.5) in chunk (-5, -4)
[2026-09-18 07:43:56.755] [info] mob mossback spawned at (-66.8, 133.0, -33.1) in chunk (-5, -3)
[2026-09-18 07:43:57.030] [info] chunk (7, 0) loaded from disk
[2026-09-18 07:43:57.479] [info] fps 42.8 | pos (8.50, 199.54, -6.50) | chunks 113 | stream-meshed 104
[2026-09-18 07:43:57.730] [info] mob mossback spawned at (-98.3, 133.0, -29.8) in chunk (-7, -2)
[2026-09-18 07:43:58.318] [info] mob mossback spawned at (-87.2, 136.0, -61.4) in chunk (-6, -4)
[2026-09-18 07:43:58.375] [info] mob mossback spawned at (-79.7, 135.0, -44.9) in chunk (-6, -3)
[2026-09-18 07:43:58.375] [info] mob mossback spawned at (-79.3, 135.0, -44.5) in chunk (-6, -3)
[2026-09-18 07:43:59.500] [info] fps 69.2 | pos (8.50, 199.00, -6.50) | chunks 113 | stream-meshed 104
[2026-09-18 07:44:01.513] [info] fps 72.0 | pos (8.50, 199.00, -6.50) | chunks 113 | stream-meshed 104
[2026-09-18 07:44:03.526] [info] fps 72.0 | pos (8.50, 199.00, -6.50) | chunks 113 | stream-meshed 104
[2026-09-18 07:44:05.541] [info] fps 72.0 | pos (8.50, 199.00, -6.50) | chunks 113 | stream-meshed 104
[2026-09-18 07:44:07.547] [info] fps 72.2 | pos (8.50, 199.00, -6.50) | chunks 113 | stream-meshed 104
[2026-09-18 07:44:07.589] [info] autosave: 0 chunk(s) queued for async write, level written (ticks=6964)
