[2026-09-18 04:34:26.122] [info] OpenCraft 0.1.0 starting
[2026-09-18 04:34:26.223] [info] GL 4.1 Metal - 89.4 / glad loaded
[2026-09-18 04:34:26.223] [info] save: no level.ocd, new world with seed 0x4f50454e43524146
[2026-09-18 04:34:26.441] [info] startup gen: 25 chunks, total 217.4 ms, avg 8.70 ms/chunk
[2026-09-18 04:34:26.441] [info] spawn scan: surface at (0.5, 132.0, 0.5)
[2026-09-18 04:34:26.441] [info] respawn point: (0.5, 132.0, 0.5)
[2026-09-18 04:34:26.441] [info] atlas: 1/63 block tiles loaded from ../assets/blocks
[2026-09-18 04:34:26.441] [info] atlas: 144x144 px, 9 tiles/row, crack tiles at 63
[2026-09-18 04:34:27.638] [info] mob mossback spawned at (-75.1, 137.0, -43.5) in chunk (-5, -3)
[2026-09-18 04:34:27.638] [info] mob mossback spawned at (-73.2, 137.0, -46.4) in chunk (-5, -3)
[2026-09-18 04:34:27.638] [info] mob mossback spawned at (-78.3, 132.0, -27.5) in chunk (-5, -2)
[2026-09-18 04:34:28.468] [info] fps 45.9 | pos (0.50, 132.00, 0.50) | chunks 113 | stream-meshed 104
[2026-09-18 04:34:28.634] [info] mob mossback spawned at (-95.6, 134.0, -62.8) in chunk (-7, -4)
[2026-09-18 04:34:28.634] [info] mob mossback spawned at (-103.1, 133.0, -40.6) in chunk (-7, -3)
[2026-09-18 04:34:28.634] [info] mob mossback spawned at (-103.7, 133.0, -41.3) in chunk (-7, -3)
[2026-09-18 04:34:28.634] [info] mob mossback spawned at (-100.3, 133.0, -41.4) in chunk (-7, -3)
[2026-09-18 04:34:30.486] [info] fps 92.8 | pos (0.50, 132.00, 0.50) | chunks 113 | stream-meshed 104
[2026-09-18 04:34:31.173] [info] mob blastbud spawned at (-57.8, 42.0, 68.3) in chunk (-4, 4)
[2026-09-18 04:34:32.486] [info] fps 95.0 | pos (0.50, 132.00, 0.50) | chunks 113 | stream-meshed 104
[2026-09-18 04:34:34.485] [info] fps 89.2 | pos (0.50, 132.00, 0.50) | chunks 113 | stream-meshed 104
