[2026-09-18 04:35:02.325] [info] OpenCraft 0.1.0 starting
[2026-09-18 04:35:02.435] [info] GL 4.1 Metal - 89.4 / glad loaded
[2026-09-18 04:35:02.435] [info] save: no level.ocd, new world with seed 0x4f50454e43524146
[2026-09-18 04:35:02.656] [info] startup gen: 25 chunks, total 220.0 ms, avg 8.80 ms/chunk
[2026-09-18 04:35:02.656] [info] spawn scan: surface at (0.5, 132.0, 0.5)
[2026-09-18 04:35:02.656] [info] respawn point: (0.5, 132.0, 0.5)
[2026-09-18 04:35:02.656] [info] atlas: no assets/ tree found; every block tile is procedural
[2026-09-18 04:35:02.656] [info] atlas: 144x144 px, 9 tiles/row, crack tiles at 63
[2026-09-18 04:35:03.772] [info] mob mossback spawned at (-75.1, 137.0, -43.5) in chunk (-5, -3)
[2026-09-18 04:35:03.772] [info] mob mossback spawned at (-73.2, 137.0, -46.4) in chunk (-5, -3)
[2026-09-18 04:35:03.772] [info] mob mossback spawned at (-78.3, 132.0, -27.5) in chunk (-5, -2)
[2026-09-18 04:35:04.698] [info] fps 45.6 | pos (0.50, 132.00, 0.50) | chunks 113 | stream-meshed 104
[2026-09-18 04:35:04.853] [info] mob mossback spawned at (-95.6, 134.0, -62.8) in chunk (-7, -4)
[2026-09-18 04:35:04.853] [info] mob mossback spawned at (-103.1, 133.0, -40.6) in chunk (-7, -3)
[2026-09-18 04:35:04.853] [info] mob mossback spawned at (-103.7, 133.0, -41.3) in chunk (-7, -3)
[2026-09-18 04:35:04.853] [info] mob mossback spawned at (-100.3, 133.0, -41.4) in chunk (-7, -3)
[2026-09-18 04:35:06.708] [info] fps 92.3 | pos (0.50, 132.00, 0.50) | chunks 113 | stream-meshed 104
[2026-09-18 04:35:07.389] [info] mob blastbud spawned at (-57.8, 42.0, 68.3) in chunk (-4, 4)
[2026-09-18 04:35:08.722] [info] fps 94.7 | pos (0.50, 132.00, 0.50) | chunks 113 | stream-meshed 104
[2026-09-18 04:35:10.722] [info] fps 94.2 | pos (0.50, 132.00, 0.50) | chunks 113 | stream-meshed 104
