[2026-09-18 04:35:29.231] [info] OpenCraft 0.1.0 starting
[2026-09-18 04:35:29.329] [info] GL 4.1 Metal - 89.4 / glad loaded
[2026-09-18 04:35:29.330] [info] save: no level.ocd, new world with seed 0x4f50454e43524146
[2026-09-18 04:35:29.549] [info] startup gen: 25 chunks, total 219.3 ms, avg 8.77 ms/chunk
[2026-09-18 04:35:29.549] [info] spawn scan: surface at (0.5, 132.0, 0.5)
[2026-09-18 04:35:29.549] [info] respawn point: (0.5, 132.0, 0.5)
[2026-09-18 04:35:29.550] [warning] asset tile ../assets/blocks/dirt_side.png is 32x32 px, expected 16x16; painting the procedural texture instead
[2026-09-18 04:35:29.550] [info] atlas: 0/63 block tiles loaded from ../assets/blocks
[2026-09-18 04:35:29.550] [info] atlas: 144x144 px, 9 tiles/row, crack tiles at 63
[2026-09-18 04:35:31.111] [info] mob hollow_wretch spawned at (-95.1, 87.0, -38.1) in chunk (-6, -3)
[2026-09-18 04:35:31.111] [info] mob mossback spawned at (-92.3, 133.0, -29.8) in chunk (-6, -3)
[2026-09-18 04:35:31.111] [info] mob mossback spawned at (-87.8, 133.0, -33.0) in chunk (-6, -3)
[2026-09-18 04:35:31.111] [info] mob mossback spawned at (-87.6, 133.0, -33.6) in chunk (-6, -3)
[2026-09-18 04:35:31.111] [info] mob mossback spawned at (-90.0, 133.0, -33.6) in chunk (-6, -3)
[2026-09-18 04:35:31.111] [info] mob mossback spawned at (-94.8, 131.0, -20.0) in chunk (-6, -2)
[2026-09-18 04:35:31.589] [info] fps 46.2 | pos (0.50, 132.00, 0.50) | chunks 113 | stream-meshed 104
[2026-09-18 04:35:31.743] [info] mob mossback spawned at (-95.6, 134.0, -62.8) in chunk (-7, -4)
[2026-09-18 04:35:31.743] [info] mob mossback spawned at (-103.1, 133.0, -40.6) in chunk (-7, -3)
[2026-09-18 04:35:33.605] [info] fps 90.5 | pos (0.50, 132.00, 0.50) | chunks 113 | stream-meshed 104
[2026-09-18 04:35:34.285] [info] mob blastbud spawned at (-57.8, 42.0, 68.3) in chunk (-4, 4)
[2026-09-18 04:35:35.604] [info] fps 95.0 | pos (0.50, 132.00, 0.50) | chunks 113 | stream-meshed 104
[2026-09-18 04:35:37.611] [info] fps 94.2 | pos (0.50, 132.00, 0.50) | chunks 113 | stream-meshed 104
