[2026-09-18 08:53:16.128] [info] OpenCraft 0.1.0 starting
[2026-09-18 08:53:16.251] [info] GL 4.1 Metal - 89.4 / glad loaded
[2026-09-18 08:53:16.251] [info] save: no level.ocd, new world with seed 0x4f50454e43524146
[2026-09-18 08:53:16.471] [info] startup gen: 25 chunks, total 220.0 ms, avg 8.80 ms/chunk
[2026-09-18 08:53:16.471] [info] spawn scan: surface at (0.5, 132.0, 0.5)
[2026-09-18 08:53:16.471] [info] respawn point: (0.5, 132.0, 0.5)
[2026-09-18 08:53:16.480] [info] atlas: 60/63 block tiles loaded from ../assets/blocks
[2026-09-18 08:53:16.480] [info] atlas: 144x144 px, 9 tiles/row, crack tiles at 63
[2026-09-18 08:53:16.483] [info] mobs: 0/3 mob models loaded from ../assets/mobs
[2026-09-18 08:53:18.512] [info] fps 45.3 | pos (0.50, 132.00, 0.50) | chunks 113 | stream-meshed 104
[2026-09-18 08:53:20.519] [info] fps 92.0 | pos (0.50, 132.00, 0.50) | chunks 113 | stream-meshed 104
[2026-09-18 08:53:22.533] [info] fps 95.7 | pos (0.50, 132.00, 0.50) | chunks 113 | stream-meshed 104
[2026-09-18 08:53:24.540] [info] fps 95.3 | pos (0.50, 132.00, 0.50) | chunks 113 | stream-meshed 104
[2026-09-18 08:53:26.553] [info] fps 95.7 | pos (0.50, 132.00, 0.50) | chunks 113 | stream-meshed 104
[2026-09-18 08:53:28.560] [info] fps 95.3 | pos (0.50, 132.00, 0.50) | chunks 113 | stream-meshed 104
[2026-09-18 08:53:28.624] [info] autosave: 0 chunk(s) queued for async write, level written (ticks=199)
[2026-09-18 08:53:30.574] [info] fps 95.2 | pos (0.50, 132.00, 0.50) | chunks 113 | stream-meshed 104
[2026-09-18 08:53:32.574] [info] fps 94.5 | pos (0.50, 132.00, 0.50) | chunks 113 | stream-meshed 104
[2026-09-18 08:53:34.581] [info] fps 89.7 | pos (0.50, 132.00, 0.50) | chunks 113 | stream-meshed 104
[2026-09-18 08:53:36.581] [info] fps 92.2 | pos (0.50, 132.00, 0.50) | chunks 113 | stream-meshed 104
[2026-09-18 08:53:38.594] [info] fps 95.7 | pos (0.50, 132.00, 0.50) | chunks 113 | stream-meshed 104
[2026-09-18 08:53:38.700] [info] autosave: 0 chunk(s) queued for async write, level written (ticks=399)
[2026-09-18 08:53:40.595] [info] fps 95.5 | pos (0.50, 132.00, 0.50) | chunks 113 | stream-meshed 104
[2026-09-18 08:53:42.595] [info] fps 94.0 | pos (0.50, 132.00, 0.50) | chunks 113 | stream-meshed 104
[2026-09-18 08:53:44.587] [info] fps 84.5 | pos (0.50, 132.00, 0.50) | chunks 113 | stream-meshed 104
