[2026-09-18 08:53:56.541] [info] OpenCraft 0.1.0 starting
[2026-09-18 08:53:56.644] [info] GL 4.1 Metal - 89.4 / glad loaded
[2026-09-18 08:53:56.644] [info] save: no level.ocd, new world with seed 0x4f50454e43524146
[2026-09-18 08:53:56.864] [info] startup gen: 25 chunks, total 219.4 ms, avg 8.78 ms/chunk
[2026-09-18 08:53:56.864] [info] spawn scan: surface at (0.5, 132.0, 0.5)
[2026-09-18 08:53:56.864] [info] respawn point: (0.5, 132.0, 0.5)
[2026-09-18 08:53:56.865] [info] atlas: 60/63 block tiles loaded from ../assets/blocks
[2026-09-18 08:53:56.865] [info] atlas: 144x144 px, 9 tiles/row, crack tiles at 63
[2026-09-18 08:53:56.868] [info] mobs: 1/3 mob models loaded from ../assets/mobs
[2026-09-18 08:53:56.869] [info] mob model mossback: 176 voxels, 504 triangles, 6 joints, 1.4 blocks tall
[2026-09-18 08:53:58.896] [info] fps 45.8 | pos (0.50, 132.00, 0.50) | chunks 113 | stream-meshed 104
[2026-09-18 08:54:00.913] [info] fps 91.8 | pos (0.50, 132.00, 0.50) | chunks 113 | stream-meshed 104
[2026-09-18 08:54:02.913] [info] fps 95.5 | pos (0.50, 132.00, 0.50) | chunks 113 | stream-meshed 104
[2026-09-18 08:54:04.920] [info] fps 86.4 | pos (0.50, 132.00, 0.50) | chunks 113 | stream-meshed 104
[2026-09-18 08:54:06.920] [info] fps 95.5 | pos (0.50, 132.00, 0.50) | chunks 113 | stream-meshed 104
[2026-09-18 08:54:08.920] [info] fps 95.0 | pos (0.50, 132.00, 0.50) | chunks 113 | stream-meshed 104
[2026-09-18 08:54:09.018] [info] autosave: 0 chunk(s) queued for async write, level written (ticks=199)
[2026-09-18 08:54:10.934] [info] fps 96.2 | pos (0.50, 132.00, 0.50) | chunks 113 | stream-meshed 104
[2026-09-18 08:54:12.940] [info] fps 94.8 | pos (0.50, 132.00, 0.50) | chunks 113 | stream-meshed 104
[2026-09-18 08:54:14.954] [info] fps 95.7 | pos (0.50, 132.00, 0.50) | chunks 113 | stream-meshed 104
[2026-09-18 08:54:16.961] [info] fps 94.8 | pos (0.50, 132.00, 0.50) | chunks 113 | stream-meshed 104
[2026-09-18 08:54:18.961] [info] fps 95.0 | pos (0.50, 132.00, 0.50) | chunks 113 | stream-meshed 104
[2026-09-18 08:54:19.101] [info] autosave: 0 chunk(s) queued for async write, level written (ticks=399)
[2026-09-18 08:54:20.961] [info] fps 94.5 | pos (0.50, 132.00, 0.50) | chunks 113 | stream-meshed 104
[2026-09-18 08:54:22.975] [info] fps 94.2 | pos (0.50, 132.00, 0.50) | chunks 113 | stream-meshed 104
[2026-09-18 08:54:24.982] [info] fps 84.7 | pos (0.50, 132.00, 0.50) | chunks 113 | stream-meshed 104
