[2026-09-18 06:51:19.882] [info] OpenCraft 0.1.0 starting
[2026-09-18 06:51:20.009] [info] GL 4.1 Metal - 89.4 / glad loaded
[2026-09-18 06:51:20.010] [info] save: loaded level.ocd (seed=0x4f50454e43524146, ticks=6765, player=(29.60, 145.00, -57.39), hp=13.0)
[2026-09-18 06:51:20.025] [info] chunk (-1, 0) loaded from disk
[2026-09-18 06:51:20.029] [info] chunk (0, -1) loaded from disk
[2026-09-18 06:51:20.052] [info] chunk (-1, -1) loaded from disk
[2026-09-18 06:51:20.084] [info] chunk (-2, 0) loaded from disk
[2026-09-18 06:51:20.123] [info] chunk (-2, -1) loaded from disk
[2026-09-18 06:51:20.213] [info] startup gen: 25 chunks, total 202.4 ms, avg 8.10 ms/chunk
[2026-09-18 06:51:20.213] [info] respawn point: (0.5, 133.0, -8.5)
[2026-09-18 06:51:20.213] [info] atlas: 1/63 block tiles loaded from ../assets/blocks
[2026-09-18 06:51:20.213] [info] atlas: 144x144 px, 9 tiles/row, crack tiles at 63
[2026-09-18 06:51:20.999] [info] chunk (-3, -1) loaded from disk
[2026-09-18 06:51:21.120] [info] mob mossback spawned at (-48.0, 136.0, -109.5) in chunk (-3, -7)
[2026-09-18 06:51:21.120] [info] mob mossback spawned at (-41.2, 150.0, -87.6) in chunk (-3, -6)
[2026-09-18 06:51:21.120] [info] mob mossback spawned at (-44.8, 150.0, -84.1) in chunk (-3, -6)
[2026-09-18 06:51:21.243] [info] chunk (-3, 0) loaded from disk
[2026-09-18 06:51:21.612] [info] chunk (6, 0) loaded from disk
[2026-09-18 06:51:21.893] [info] chunk (7, 0) loaded from disk
[2026-09-18 06:51:22.240] [info] fps 44.4 | pos (29.60, 145.00, -57.39) | chunks 113 | stream-meshed 104
[2026-09-18 06:51:22.502] [info] mob mossback spawned at (-84.5, 134.0, -39.7) in chunk (-6, -3)
[2026-09-18 06:51:22.502] [info] mob mossback spawned at (-84.5, 134.0, -35.9) in chunk (-6, -3)
[2026-09-18 06:51:22.563] [info] mob mossback spawned at (-89.0, 132.0, -25.9) in chunk (-6, -2)
[2026-09-18 06:51:22.563] [info] mob mossback spawned at (-89.2, 132.0, -27.3) in chunk (-6, -2)
[2026-09-18 06:51:24.258] [info] fps 91.0 | pos (29.60, 145.00, -57.39) | chunks 113 | stream-meshed 104
[2026-09-18 06:51:26.258] [info] fps 95.0 | pos (29.60, 145.00, -57.39) | chunks 113 | stream-meshed 104
[2026-09-18 06:51:26.967] [info] mob blastbud spawned at (5.2, 115.0, -81.7) in chunk (0, -6)
[2026-09-18 06:51:26.967] [info] mob blastbud spawned at (6.4, 115.0, -81.4) in chunk (0, -6)
[2026-09-18 06:51:28.231] [info] mob hollow_wretch spawned at (46.1, 65.0, -108.6) in chunk (2, -7)
[2026-09-18 06:51:28.231] [info] mob hollow_wretch spawned at (43.0, 65.0, -110.4) in chunk (2, -7)
[2026-09-18 06:51:28.231] [info] mob hollow_wretch spawned at (43.2, 65.0, -111.7) in chunk (2, -7)
[2026-09-18 06:51:28.272] [info] fps 95.7 | pos (29.60, 145.00, -57.39) | chunks 113 | stream-meshed 104
[2026-09-18 06:51:30.272] [info] fps 95.0 | pos (29.60, 145.00, -57.39) | chunks 113 | stream-meshed 104
[2026-09-18 06:51:30.981] [info] mob blastbud spawned at (110.0, 109.0, -118.1) in chunk (6, -8)
[2026-09-18 06:51:32.279] [info] fps 94.8 | pos (29.60, 145.00, -57.39) | chunks 113 | stream-meshed 104
[2026-09-18 06:51:32.399] [info] autosave: 0 chunk(s) queued for async write, level written (ticks=6964)
