[2026-09-18 06:51:36.586] [info] OpenCraft 0.1.0 starting
[2026-09-18 06:51:36.683] [info] GL 4.1 Metal - 89.4 / glad loaded
[2026-09-18 06:51:36.683] [info] save: loaded level.ocd (seed=0x4f50454e43524146, ticks=6765, player=(29.60, 145.00, -57.39), hp=13.0)
[2026-09-18 06:51:36.696] [info] chunk (-1, 0) loaded from disk
[2026-09-18 06:51:36.700] [info] chunk (0, -1) loaded from disk
[2026-09-18 06:51:36.722] [info] chunk (-1, -1) loaded from disk
[2026-09-18 06:51:36.754] [info] chunk (-2, 0) loaded from disk
[2026-09-18 06:51:36.793] [info] chunk (-2, -1) loaded from disk
[2026-09-18 06:51:36.883] [info] startup gen: 25 chunks, total 200.4 ms, avg 8.02 ms/chunk
[2026-09-18 06:51:36.883] [info] respawn point: (0.5, 133.0, -8.5)
[2026-09-18 06:51:36.884] [info] atlas: 1/63 block tiles loaded from ../assets/blocks
[2026-09-18 06:51:36.884] [info] atlas: 144x144 px, 9 tiles/row, crack tiles at 63
[2026-09-18 06:51:37.605] [info] chunk (-3, -1) loaded from disk
[2026-09-18 06:51:37.848] [info] chunk (-3, 0) loaded from disk
[2026-09-18 06:51:38.218] [info] chunk (6, 0) loaded from disk
[2026-09-18 06:51:38.231] [info] mob mossback spawned at (-69.2, 140.0, -61.9) in chunk (-5, -4)
[2026-09-18 06:51:38.231] [info] mob mossback spawned at (-72.4, 140.0, -63.3) in chunk (-5, -4)
[2026-09-18 06:51:38.231] [info] mob mossback spawned at (-75.1, 137.0, -43.5) in chunk (-5, -3)
[2026-09-18 06:51:38.231] [info] mob mossback spawned at (-73.2, 137.0, -46.4) in chunk (-5, -3)
[2026-09-18 06:51:38.499] [info] chunk (7, 0) loaded from disk
[2026-09-18 06:51:38.919] [info] fps 46.2 | pos (29.60, 145.00, -57.39) | chunks 113 | stream-meshed 104
[2026-09-18 06:51:39.070] [info] mob mossback spawned at (-91.5, 132.0, -71.7) in chunk (-6, -5)
[2026-09-18 06:51:39.070] [info] mob mossback spawned at (-92.7, 132.0, -67.6) in chunk (-6, -5)
[2026-09-18 06:51:39.176] [info] mob mossback spawned at (-84.5, 134.0, -39.7) in chunk (-6, -3)
[2026-09-18 06:51:40.932] [info] fps 93.2 | pos (29.60, 145.00, -57.39) | chunks 113 | stream-meshed 104
[2026-09-18 06:51:42.932] [info] fps 95.0 | pos (29.60, 145.00, -57.39) | chunks 113 | stream-meshed 104
[2026-09-18 06:51:43.648] [info] mob blastbud spawned at (5.2, 115.0, -81.7) in chunk (0, -6)
[2026-09-18 06:51:43.648] [info] mob blastbud spawned at (6.4, 115.0, -81.4) in chunk (0, -6)
[2026-09-18 06:51:44.904] [info] mob hollow_wretch spawned at (46.1, 65.0, -108.6) in chunk (2, -7)
[2026-09-18 06:51:44.905] [info] mob hollow_wretch spawned at (43.0, 65.0, -110.4) in chunk (2, -7)
[2026-09-18 06:51:44.905] [info] mob hollow_wretch spawned at (43.2, 65.0, -111.7) in chunk (2, -7)
[2026-09-18 06:51:44.946] [info] fps 85.7 | pos (29.60, 145.00, -57.39) | chunks 113 | stream-meshed 104
[2026-09-18 06:51:46.946] [info] fps 84.0 | pos (29.60, 145.00, -57.39) | chunks 113 | stream-meshed 104
[2026-09-18 06:51:47.634] [info] mob blastbud spawned at (110.0, 109.0, -118.1) in chunk (6, -8)
[2026-09-18 06:51:48.946] [info] fps 96.0 | pos (29.60, 145.00, -57.39) | chunks 113 | stream-meshed 104
[2026-09-18 06:51:49.059] [info] autosave: 0 chunk(s) queued for async write, level written (ticks=6964)
