EV wall: spawn=(0,132,0) lane flat top y=132 wall row z=-1
EV t=0 x=0.5000 y=132.0000 z=0.5000 og=1 vy=0.0000 inj=0
EV t=1 x=0.5000 y=132.0000 z=0.5000 og=1 vy=0.0000 inj=0
2026-09-15 16:36:14.377 opencraft[54045:2981434] error messaging the mach port for IMKCFRunLoopWakeUpReliable
EV t=2 x=0.5000 y=132.4200 z=0.4020 og=0 vy=0.3332 inj=1
EV t=3 x=0.5000 y=132.7532 z=0.3289 og=0 vy=0.2481 inj=0
EV t=4 x=0.5000 y=133.0013 z=0.2624 og=0 vy=0.1648 inj=0
EV t=5 x=0.5000 y=133.1661 z=0.2018 og=0 vy=0.0831 inj=0
EV t=6 x=0.5000 y=133.2492 z=0.1467 og=0 vy=0.0030 inj=0
EV t=7 x=0.5000 y=133.2522 z=0.0966 og=0 vy=-0.0754 inj=0
EV t=8 x=0.5000 y=133.1768 z=0.0510 og=0 vy=-0.1523 inj=0
EV t=9 x=0.5000 y=133.0244 z=0.0095 og=0 vy=-0.2277 inj=0
EV t=10 x=0.5000 y=133.0000 z=-0.0283 og=1 vy=0.0000 inj=0
EV t=11 x=0.5000 y=133.0000 z=-0.0627 og=1 vy=0.0000 inj=0
EV t=12 x=0.5000 y=133.0000 z=-0.0815 og=1 vy=0.0000 inj=0
EV t=13 x=0.5000 y=133.0000 z=-0.0917 og=1 vy=0.0000 inj=0
EV t=14 x=0.5000 y=133.0000 z=-0.0973 og=1 vy=0.0000 inj=0
EV t=15 x=0.5000 y=133.0000 z=-0.1004 og=1 vy=0.0000 inj=0
EV t=16 x=0.5000 y=133.0000 z=-0.1004 og=1 vy=0.0000 inj=0
EV t=17 x=0.5000 y=133.0000 z=-0.1004 og=1 vy=0.0000 inj=0
EV t=18 x=0.5000 y=133.0000 z=-0.1004 og=1 vy=0.0000 inj=0
EV t=19 x=0.5000 y=133.0000 z=-0.1004 og=1 vy=0.0000 inj=0
EV t=20 x=0.5000 y=133.0000 z=-0.1004 og=1 vy=0.0000 inj=0
EV t=21 x=0.5000 y=133.0000 z=-0.1004 og=1 vy=0.0000 inj=0
EV t=22 x=0.5000 y=133.0000 z=-0.1004 og=1 vy=0.0000 inj=0
EV t=23 x=0.5000 y=133.0000 z=-0.1004 og=1 vy=0.0000 inj=0
EV t=24 x=0.5000 y=133.0000 z=-0.1004 og=1 vy=0.0000 inj=0
EV t=25 x=0.5000 y=133.0000 z=-0.1004 og=1 vy=0.0000 inj=0
EV t=26 x=0.5000 y=133.0000 z=-0.1004 og=1 vy=0.0000 inj=0
EV t=27 x=0.5000 y=133.0000 z=-0.1004 og=1 vy=0.0000 inj=0
EV t=28 x=0.5000 y=133.0000 z=-0.1004 og=1 vy=0.0000 inj=0
EV t=29 x=0.5000 y=133.0000 z=-0.1004 og=1 vy=0.0000 inj=0
EV t=30 x=0.5000 y=133.0000 z=-0.1004 og=1 vy=0.0000 inj=0
EV t=31 x=0.5000 y=133.0000 z=-0.1004 og=1 vy=0.0000 inj=0
EV t=32 x=0.5000 y=133.0000 z=-0.1004 og=1 vy=0.0000 inj=0
EV t=33 x=0.5000 y=133.0000 z=-0.1004 og=1 vy=0.0000 inj=0
EV t=34 x=0.5000 y=133.0000 z=-0.1004 og=1 vy=0.0000 inj=0
EV t=35 x=0.5000 y=133.0000 z=-0.1004 og=1 vy=0.0000 inj=0
EV t=36 x=0.5000 y=133.0000 z=-0.1004 og=1 vy=0.0000 inj=0
EV t=37 x=0.5000 y=133.0000 z=-0.1004 og=1 vy=0.0000 inj=0
EV t=38 x=0.5000 y=133.0000 z=-0.1004 og=1 vy=0.0000 inj=0
EV t=39 x=0.5000 y=133.0000 z=-0.1004 og=1 vy=0.0000 inj=0
EV t=40 x=0.5000 y=133.0000 z=-0.1004 og=1 vy=0.0000 inj=0
EV t=41 x=0.5000 y=133.0000 z=-0.1004 og=1 vy=0.0000 inj=0
EV t=42 x=0.5000 y=133.0000 z=-0.1004 og=1 vy=0.0000 inj=0
EV t=43 x=0.5000 y=133.0000 z=-0.1004 og=1 vy=0.0000 inj=0
EV t=44 x=0.5000 y=133.0000 z=-0.1004 og=1 vy=0.0000 inj=0
EV t=45 x=0.5000 y=133.0000 z=-0.1004 og=1 vy=0.0000 inj=0
EV t=46 x=0.5000 y=133.0000 z=-0.1004 og=1 vy=0.0000 inj=0
EV t=47 x=0.5000 y=133.0000 z=-0.1004 og=1 vy=0.0000 inj=0
EV t=48 x=0.5000 y=133.0000 z=-0.1004 og=1 vy=0.0000 inj=0
EV t=49 x=0.5000 y=133.0000 z=-0.1004 og=1 vy=0.0000 inj=0
EV t=50 x=0.5000 y=133.0000 z=-0.1004 og=1 vy=0.0000 inj=0
EV t=51 x=0.5000 y=133.0000 z=-0.1004 og=1 vy=0.0000 inj=0
EV t=52 x=0.5000 y=133.0000 z=-0.1004 og=1 vy=0.0000 inj=0
EV t=53 x=0.5000 y=133.0000 z=-0.1004 og=1 vy=0.0000 inj=0
EV t=54 x=0.5000 y=133.0000 z=-0.1004 og=1 vy=0.0000 inj=0
EV t=55 x=0.5000 y=133.0000 z=-0.1004 og=1 vy=0.0000 inj=0
EV t=56 x=0.5000 y=133.0000 z=-0.1004 og=1 vy=0.0000 inj=0
EV t=57 x=0.5000 y=133.0000 z=-0.1004 og=1 vy=0.0000 inj=0
EV t=58 x=0.5000 y=133.0000 z=-0.1004 og=1 vy=0.0000 inj=0
EV t=59 x=0.5000 y=133.0000 z=-0.1004 og=1 vy=0.0000 inj=0
EV t=60 x=0.5000 y=133.0000 z=-0.1004 og=1 vy=0.0000 inj=0
EV t=61 x=0.5000 y=133.0000 z=-0.1004 og=1 vy=0.0000 inj=0
EV t=62 x=0.5000 y=133.0000 z=-0.1004 og=1 vy=0.0000 inj=0
EV t=63 x=0.5000 y=133.0000 z=-0.1004 og=1 vy=0.0000 inj=0
EV t=64 x=0.5000 y=133.0000 z=-0.1004 og=1 vy=0.0000 inj=0
EV t=65 x=0.5000 y=133.0000 z=-0.1004 og=1 vy=0.0000 inj=0
EV t=66 x=0.5000 y=133.0000 z=-0.1004 og=1 vy=0.0000 inj=0
EV t=67 x=0.5000 y=133.0000 z=-0.1004 og=1 vy=0.0000 inj=0
EV t=68 x=0.5000 y=133.0000 z=-0.1004 og=1 vy=0.0000 inj=0
EV t=69 x=0.5000 y=133.0000 z=-0.1004 og=1 vy=0.0000 inj=0
EV t=70 x=0.5000 y=133.0000 z=-0.1004 og=1 vy=0.0000 inj=0
EV t=71 x=0.5000 y=133.0000 z=-0.1004 og=1 vy=0.0000 inj=0
EV t=72 x=0.5000 y=133.0000 z=-0.1004 og=1 vy=0.0000 inj=0
EV t=73 x=0.5000 y=133.0000 z=-0.1004 og=1 vy=0.0000 inj=0
EV t=74 x=0.5000 y=133.0000 z=-0.1004 og=1 vy=0.0000 inj=0
EV t=75 x=0.5000 y=133.0000 z=-0.1004 og=1 vy=0.0000 inj=0
EV t=76 x=0.5000 y=133.0000 z=-0.1004 og=1 vy=0.0000 inj=0
EV t=77 x=0.5000 y=133.0000 z=-0.1004 og=1 vy=0.0000 inj=0
EV t=78 x=0.5000 y=133.0000 z=-0.1004 og=1 vy=0.0000 inj=0
EV t=79 x=0.5000 y=133.0000 z=-0.1004 og=1 vy=0.0000 inj=0
EV t=80 x=0.5000 y=133.0000 z=-0.1004 og=1 vy=0.0000 inj=0
EV t=81 x=0.5000 y=133.0000 z=-0.1004 og=1 vy=0.0000 inj=0
EV t=82 x=0.5000 y=133.0000 z=-0.1004 og=1 vy=0.0000 inj=0
EV t=83 x=0.5000 y=133.0000 z=-0.1004 og=1 vy=0.0000 inj=0
EV t=84 x=0.5000 y=133.0000 z=-0.1004 og=1 vy=0.0000 inj=0
EV t=85 x=0.5000 y=133.0000 z=-0.1004 og=1 vy=0.0000 inj=0
EV t=86 x=0.5000 y=133.0000 z=-0.1004 og=1 vy=0.0000 inj=0
EV t=87 x=0.5000 y=133.0000 z=-0.1004 og=1 vy=0.0000 inj=0
EV t=88 x=0.5000 y=133.0000 z=-0.1004 og=1 vy=0.0000 inj=0
EV t=89 x=0.5000 y=133.0000 z=-0.1004 og=1 vy=0.0000 inj=0
EV t=90 x=0.5000 y=133.0000 z=-0.1004 og=1 vy=0.0000 inj=0
EV t=91 x=0.5000 y=133.0000 z=-0.1004 og=1 vy=0.0000 inj=0
EV t=92 x=0.5000 y=133.0000 z=-0.1004 og=1 vy=0.0000 inj=0
EV t=93 x=0.5000 y=133.0000 z=-0.1004 og=1 vy=0.0000 inj=0
EV t=94 x=0.5000 y=133.0000 z=-0.1004 og=1 vy=0.0000 inj=0
EV t=95 x=0.5000 y=133.0000 z=-0.1004 og=1 vy=0.0000 inj=0
EV t=96 x=0.5000 y=133.0000 z=-0.1004 og=1 vy=0.0000 inj=0
EV t=97 x=0.5000 y=133.0000 z=-0.1004 og=1 vy=0.0000 inj=0
EV t=98 x=0.5000 y=133.0000 z=-0.1004 og=1 vy=0.0000 inj=0
EV t=99 x=0.5000 y=133.0000 z=-0.1004 og=1 vy=0.0000 inj=0
EV t=100 x=0.5000 y=133.0000 z=-0.1004 og=1 vy=0.0000 inj=0
EV t=101 x=0.5000 y=133.0000 z=-0.1004 og=1 vy=0.0000 inj=0
EV t=102 x=0.5000 y=133.0000 z=-0.1004 og=1 vy=0.0000 inj=0
EV t=103 x=0.5000 y=133.0000 z=-0.1004 og=1 vy=0.0000 inj=0
EV t=104 x=0.5000 y=133.0000 z=-0.1004 og=1 vy=0.0000 inj=0
EV t=105 x=0.5000 y=133.0000 z=-0.1004 og=1 vy=0.0000 inj=0
EV t=106 x=0.5000 y=133.0000 z=-0.1004 og=1 vy=0.0000 inj=0
EV t=107 x=0.5000 y=133.0000 z=-0.1004 og=1 vy=0.0000 inj=0
EV t=108 x=0.5000 y=133.0000 z=-0.1004 og=1 vy=0.0000 inj=0
EV t=109 x=0.5000 y=133.0000 z=-0.1004 og=1 vy=0.0000 inj=0
EV t=110 x=0.5000 y=133.0000 z=-0.1004 og=1 vy=0.0000 inj=0
EV t=111 x=0.5000 y=133.0000 z=-0.1004 og=1 vy=0.0000 inj=0
EV t=112 x=0.5000 y=133.0000 z=-0.1004 og=1 vy=0.0000 inj=0
EV t=113 x=0.5000 y=133.0000 z=-0.1004 og=1 vy=0.0000 inj=0
EV t=114 x=0.5000 y=133.0000 z=-0.1004 og=1 vy=0.0000 inj=0
EV t=115 x=0.5000 y=133.0000 z=-0.1004 og=1 vy=0.0000 inj=0
EV t=116 x=0.5000 y=133.0000 z=-0.1004 og=1 vy=0.0000 inj=0
EV t=117 x=0.5000 y=133.0000 z=-0.1004 og=1 vy=0.0000 inj=0
EV t=118 x=0.5000 y=133.0000 z=-0.1004 og=1 vy=0.0000 inj=0
EV t=119 x=0.5000 y=133.0000 z=-0.1004 og=1 vy=0.0000 inj=0
EV t=120 x=0.5000 y=133.0000 z=-0.1004 og=1 vy=0.0000 inj=0
EV t=121 x=0.5000 y=133.0000 z=-0.1004 og=1 vy=0.0000 inj=0
EV t=122 x=0.5000 y=133.0000 z=-0.1004 og=1 vy=0.0000 inj=0
EV t=123 x=0.5000 y=133.0000 z=-0.1004 og=1 vy=0.0000 inj=0
EV t=124 x=0.5000 y=133.0000 z=-0.1004 og=1 vy=0.0000 inj=0
EV t=125 x=0.5000 y=133.0000 z=-0.1004 og=1 vy=0.0000 inj=0
EV t=126 x=0.5000 y=133.0000 z=-0.1004 og=1 vy=0.0000 inj=0
EV t=127 x=0.5000 y=133.0000 z=-0.1004 og=1 vy=0.0000 inj=0
EV t=128 x=0.5000 y=133.0000 z=-0.1004 og=1 vy=0.0000 inj=0
EV t=129 x=0.5000 y=133.0000 z=-0.1004 og=1 vy=0.0000 inj=0
EV t=130 x=0.5000 y=133.0000 z=-0.1004 og=1 vy=0.0000 inj=0
EV t=131 x=0.5000 y=133.0000 z=-0.1004 og=1 vy=0.0000 inj=0
EV t=132 x=0.5000 y=133.0000 z=-0.1004 og=1 vy=0.0000 inj=0
EV t=133 x=0.5000 y=133.0000 z=-0.1004 og=1 vy=0.0000 inj=0
EV t=134 x=0.5000 y=133.0000 z=-0.1004 og=1 vy=0.0000 inj=0
EV t=135 x=0.5000 y=133.0000 z=-0.1004 og=1 vy=0.0000 inj=0
EV t=136 x=0.5000 y=133.0000 z=-0.1004 og=1 vy=0.0000 inj=0
EV t=137 x=0.5000 y=133.0000 z=-0.1004 og=1 vy=0.0000 inj=0
EV t=138 x=0.5000 y=133.0000 z=-0.1004 og=1 vy=0.0000 inj=0
EV t=139 x=0.5000 y=133.0000 z=-0.1004 og=1 vy=0.0000 inj=0
EV t=140 x=0.5000 y=133.0000 z=-0.1004 og=1 vy=0.0000 inj=0
EV t=141 x=0.5000 y=133.0000 z=-0.1004 og=1 vy=0.0000 inj=0
EV t=142 x=0.5000 y=133.0000 z=-0.1004 og=1 vy=0.0000 inj=0
EV t=143 x=0.5000 y=133.0000 z=-0.1004 og=1 vy=0.0000 inj=0
EV t=144 x=0.5000 y=133.0000 z=-0.1004 og=1 vy=0.0000 inj=0
EV t=145 x=0.5000 y=133.0000 z=-0.1004 og=1 vy=0.0000 inj=0
EV t=146 x=0.5000 y=133.0000 z=-0.1004 og=1 vy=0.0000 inj=0
EV t=147 x=0.5000 y=133.0000 z=-0.1004 og=1 vy=0.0000 inj=0
EV t=148 x=0.5000 y=133.0000 z=-0.1004 og=1 vy=0.0000 inj=0
EV t=149 x=0.5000 y=133.0000 z=-0.1004 og=1 vy=0.0000 inj=0
EV t=150 x=0.5000 y=133.0000 z=-0.1004 og=1 vy=0.0000 inj=0
EV t=151 x=0.5000 y=133.0000 z=-0.1004 og=1 vy=0.0000 inj=0
EV t=152 x=0.5000 y=133.0000 z=-0.1004 og=1 vy=0.0000 inj=0
EV t=153 x=0.5000 y=133.0000 z=-0.1004 og=1 vy=0.0000 inj=0
EV t=154 x=0.5000 y=133.0000 z=-0.1004 og=1 vy=0.0000 inj=0
EV t=155 x=0.5000 y=133.0000 z=-0.1004 og=1 vy=0.0000 inj=0
EV t=156 x=0.5000 y=133.0000 z=-0.1004 og=1 vy=0.0000 inj=0
EV t=157 x=0.5000 y=133.0000 z=-0.1004 og=1 vy=0.0000 inj=0
EV t=158 x=0.5000 y=133.0000 z=-0.1004 og=1 vy=0.0000 inj=0
EV t=159 x=0.5000 y=133.0000 z=-0.1004 og=1 vy=0.0000 inj=0
EV t=160 x=0.5000 y=133.0000 z=-0.1004 og=1 vy=0.0000 inj=0
EV t=161 x=0.5000 y=133.0000 z=-0.1004 og=1 vy=0.0000 inj=0
EV t=162 x=0.5000 y=133.0000 z=-0.1004 og=1 vy=0.0000 inj=0
EV t=163 x=0.5000 y=133.0000 z=-0.1004 og=1 vy=0.0000 inj=0
EV t=164 x=0.5000 y=133.0000 z=-0.1004 og=1 vy=0.0000 inj=0
EV t=165 x=0.5000 y=133.0000 z=-0.1004 og=1 vy=0.0000 inj=0
EV t=166 x=0.5000 y=133.0000 z=-0.1004 og=1 vy=0.0000 inj=0
EV t=167 x=0.5000 y=133.0000 z=-0.1004 og=1 vy=0.0000 inj=0
EV t=168 x=0.5000 y=133.0000 z=-0.1004 og=1 vy=0.0000 inj=0
EV t=169 x=0.5000 y=133.0000 z=-0.1004 og=1 vy=0.0000 inj=0
EV t=170 x=0.5000 y=133.0000 z=-0.1004 og=1 vy=0.0000 inj=0
EV t=171 x=0.5000 y=133.0000 z=-0.1004 og=1 vy=0.0000 inj=0
EV t=172 x=0.5000 y=133.0000 z=-0.1004 og=1 vy=0.0000 inj=0
EV t=173 x=0.5000 y=133.0000 z=-0.1004 og=1 vy=0.0000 inj=0
EV t=174 x=0.5000 y=133.0000 z=-0.1004 og=1 vy=0.0000 inj=0
EV t=175 x=0.5000 y=133.0000 z=-0.1004 og=1 vy=0.0000 inj=0
EV t=176 x=0.5000 y=133.0000 z=-0.1004 og=1 vy=0.0000 inj=0
EV t=177 x=0.5000 y=133.0000 z=-0.1004 og=1 vy=0.0000 inj=0
EV t=178 x=0.5000 y=133.0000 z=-0.1004 og=1 vy=0.0000 inj=0
EV t=179 x=0.5000 y=133.0000 z=-0.1004 og=1 vy=0.0000 inj=0
EV t=180 x=0.5000 y=133.0000 z=-0.1004 og=1 vy=0.0000 inj=0
EV t=181 x=0.5000 y=133.0000 z=-0.1004 og=1 vy=0.0000 inj=0
EV t=182 x=0.5000 y=133.0000 z=-0.1004 og=1 vy=0.0000 inj=0
EV t=183 x=0.5000 y=133.0000 z=-0.1004 og=1 vy=0.0000 inj=0
EV t=184 x=0.5000 y=133.0000 z=-0.1004 og=1 vy=0.0000 inj=0
EV t=185 x=0.5000 y=133.0000 z=-0.1004 og=1 vy=0.0000 inj=0
EV t=186 x=0.5000 y=133.0000 z=-0.1004 og=1 vy=0.0000 inj=0
EV t=187 x=0.5000 y=133.0000 z=-0.1004 og=1 vy=0.0000 inj=0
EV t=188 x=0.5000 y=133.0000 z=-0.1004 og=1 vy=0.0000 inj=0
EV t=189 x=0.5000 y=133.0000 z=-0.1004 og=1 vy=0.0000 inj=0
EV t=190 x=0.5000 y=133.0000 z=-0.1004 og=1 vy=0.0000 inj=0
EV t=191 x=0.5000 y=133.0000 z=-0.1004 og=1 vy=0.0000 inj=0
EV t=192 x=0.5000 y=133.0000 z=-0.1004 og=1 vy=0.0000 inj=0
EV t=193 x=0.5000 y=133.0000 z=-0.1004 og=1 vy=0.0000 inj=0
EV t=194 x=0.5000 y=133.0000 z=-0.1004 og=1 vy=0.0000 inj=0
EV t=195 x=0.5000 y=133.0000 z=-0.1004 og=1 vy=0.0000 inj=0
EV t=196 x=0.5000 y=133.0000 z=-0.1004 og=1 vy=0.0000 inj=0
EV t=197 x=0.5000 y=133.0000 z=-0.1004 og=1 vy=0.0000 inj=0
EV t=198 x=0.5000 y=133.0000 z=-0.1004 og=1 vy=0.0000 inj=0
EV t=199 x=0.5000 y=133.0000 z=-0.1004 og=1 vy=0.0000 inj=0
EV t=200 x=0.5000 y=133.0000 z=-0.1004 og=1 vy=0.0000 inj=0
EV t=201 x=0.5000 y=133.0000 z=-0.1004 og=1 vy=0.0000 inj=0
EV t=202 x=0.5000 y=133.0000 z=-0.1004 og=1 vy=0.0000 inj=0
EV t=203 x=0.5000 y=133.0000 z=-0.1004 og=1 vy=0.0000 inj=0
EV t=204 x=0.5000 y=133.0000 z=-0.1004 og=1 vy=0.0000 inj=0
EV t=205 x=0.5000 y=133.0000 z=-0.1004 og=1 vy=0.0000 inj=0
EV t=206 x=0.5000 y=133.0000 z=-0.1004 og=1 vy=0.0000 inj=0
EV t=207 x=0.5000 y=133.0000 z=-0.1004 og=1 vy=0.0000 inj=0
EV t=208 x=0.5000 y=133.0000 z=-0.1004 og=1 vy=0.0000 inj=0
EV t=209 x=0.5000 y=133.0000 z=-0.1004 og=1 vy=0.0000 inj=0
EV t=210 x=0.5000 y=133.0000 z=-0.1004 og=1 vy=0.0000 inj=0
EV t=211 x=0.5000 y=133.0000 z=-0.1004 og=1 vy=0.0000 inj=0
EV t=212 x=0.5000 y=133.0000 z=-0.1004 og=1 vy=0.0000 inj=0
EV t=213 x=0.5000 y=133.0000 z=-0.1004 og=1 vy=0.0000 inj=0
EV t=214 x=0.5000 y=133.0000 z=-0.1004 og=1 vy=0.0000 inj=0
EV t=215 x=0.5000 y=133.0000 z=-0.1004 og=1 vy=0.0000 inj=0
EV t=216 x=0.5000 y=133.0000 z=-0.1004 og=1 vy=0.0000 inj=0
EV t=217 x=0.5000 y=133.0000 z=-0.1004 og=1 vy=0.0000 inj=0
EV t=218 x=0.5000 y=133.0000 z=-0.1004 og=1 vy=0.0000 inj=0
EV t=219 x=0.5000 y=133.0000 z=-0.1004 og=1 vy=0.0000 inj=0
EV t=220 x=0.5000 y=133.0000 z=-0.1004 og=1 vy=0.0000 inj=0
EV t=221 x=0.5000 y=133.0000 z=-0.1004 og=1 vy=0.0000 inj=0
EV t=222 x=0.5000 y=133.0000 z=-0.1004 og=1 vy=0.0000 inj=0
EV t=223 x=0.5000 y=133.0000 z=-0.1004 og=1 vy=0.0000 inj=0
EV t=224 x=0.5000 y=133.0000 z=-0.1004 og=1 vy=0.0000 inj=0
EV t=225 x=0.5000 y=133.0000 z=-0.1004 og=1 vy=0.0000 inj=0
EV t=226 x=0.5000 y=133.0000 z=-0.1004 og=1 vy=0.0000 inj=0
EV t=227 x=0.5000 y=133.0000 z=-0.1004 og=1 vy=0.0000 inj=0
EV t=228 x=0.5000 y=133.0000 z=-0.1004 og=1 vy=0.0000 inj=0
EV t=229 x=0.5000 y=133.0000 z=-0.1004 og=1 vy=0.0000 inj=0
EV t=230 x=0.5000 y=133.0000 z=-0.1004 og=1 vy=0.0000 inj=0
EV t=231 x=0.5000 y=133.0000 z=-0.1004 og=1 vy=0.0000 inj=0
EV t=232 x=0.5000 y=133.0000 z=-0.1004 og=1 vy=0.0000 inj=0
EV t=233 x=0.5000 y=133.0000 z=-0.1004 og=1 vy=0.0000 inj=0
EV t=234 x=0.5000 y=133.0000 z=-0.1004 og=1 vy=0.0000 inj=0
EV t=235 x=0.5000 y=133.0000 z=-0.1004 og=1 vy=0.0000 inj=0
EV t=236 x=0.5000 y=133.0000 z=-0.1004 og=1 vy=0.0000 inj=0
EV t=237 x=0.5000 y=133.0000 z=-0.1004 og=1 vy=0.0000 inj=0
EV t=238 x=0.5000 y=133.0000 z=-0.1004 og=1 vy=0.0000 inj=0
EV t=239 x=0.5000 y=133.0000 z=-0.1004 og=1 vy=0.0000 inj=0
EV t=240 x=0.5000 y=133.0000 z=-0.1004 og=1 vy=0.0000 inj=0
EV t=241 x=0.5000 y=133.0000 z=-0.1004 og=1 vy=0.0000 inj=0
EV t=242 x=0.5000 y=133.0000 z=-0.1004 og=1 vy=0.0000 inj=0
EV t=243 x=0.5000 y=133.0000 z=-0.1004 og=1 vy=0.0000 inj=0
EV t=244 x=0.5000 y=133.0000 z=-0.1004 og=1 vy=0.0000 inj=0
EV t=245 x=0.5000 y=133.0000 z=-0.1004 og=1 vy=0.0000 inj=0
EV t=246 x=0.5000 y=133.0000 z=-0.1004 og=1 vy=0.0000 inj=0
EV t=247 x=0.5000 y=133.0000 z=-0.1004 og=1 vy=0.0000 inj=0
EV t=248 x=0.5000 y=133.0000 z=-0.1004 og=1 vy=0.0000 inj=0
EV t=249 x=0.5000 y=133.0000 z=-0.1004 og=1 vy=0.0000 inj=0
EV t=250 x=0.5000 y=133.0000 z=-0.1004 og=1 vy=0.0000 inj=0
EV t=251 x=0.5000 y=133.0000 z=-0.1004 og=1 vy=0.0000 inj=0
EV t=252 x=0.5000 y=133.0000 z=-0.1004 og=1 vy=0.0000 inj=0
EV t=253 x=0.5000 y=133.0000 z=-0.1004 og=1 vy=0.0000 inj=0
EV t=254 x=0.5000 y=133.0000 z=-0.1004 og=1 vy=0.0000 inj=0
EV t=255 x=0.5000 y=133.0000 z=-0.1004 og=1 vy=0.0000 inj=0
EV t=256 x=0.5000 y=133.0000 z=-0.1004 og=1 vy=0.0000 inj=0
EV t=257 x=0.5000 y=133.0000 z=-0.1004 og=1 vy=0.0000 inj=0
EV t=258 x=0.5000 y=133.0000 z=-0.1004 og=1 vy=0.0000 inj=0
EV t=259 x=0.5000 y=133.0000 z=-0.1004 og=1 vy=0.0000 inj=0
EV t=260 x=0.5000 y=133.0000 z=-0.1004 og=1 vy=0.0000 inj=0
EV t=261 x=0.5000 y=133.0000 z=-0.1004 og=1 vy=0.0000 inj=0
EV t=262 x=0.5000 y=133.0000 z=-0.1004 og=1 vy=0.0000 inj=0
EV t=263 x=0.5000 y=133.0000 z=-0.1004 og=1 vy=0.0000 inj=0
EV t=264 x=0.5000 y=133.0000 z=-0.1004 og=1 vy=0.0000 inj=0
EV t=265 x=0.5000 y=133.0000 z=-0.1004 og=1 vy=0.0000 inj=0
EV t=266 x=0.5000 y=133.0000 z=-0.1004 og=1 vy=0.0000 inj=0
EV t=267 x=0.5000 y=133.0000 z=-0.1004 og=1 vy=0.0000 inj=0
EV t=268 x=0.5000 y=133.0000 z=-0.1004 og=1 vy=0.0000 inj=0
EV t=269 x=0.5000 y=133.0000 z=-0.1004 og=1 vy=0.0000 inj=0
EV t=270 x=0.5000 y=133.0000 z=-0.1004 og=1 vy=0.0000 inj=0
EV t=271 x=0.5000 y=133.0000 z=-0.1004 og=1 vy=0.0000 inj=0
EV t=272 x=0.5000 y=133.0000 z=-0.1004 og=1 vy=0.0000 inj=0
EV t=273 x=0.5000 y=133.0000 z=-0.1004 og=1 vy=0.0000 inj=0
EV t=274 x=0.5000 y=133.0000 z=-0.1004 og=1 vy=0.0000 inj=0
EV t=275 x=0.5000 y=133.0000 z=-0.1004 og=1 vy=0.0000 inj=0
EV t=276 x=0.5000 y=133.0000 z=-0.1004 og=1 vy=0.0000 inj=0
EV t=277 x=0.5000 y=133.0000 z=-0.1004 og=1 vy=0.0000 inj=0
EV t=278 x=0.5000 y=133.0000 z=-0.1004 og=1 vy=0.0000 inj=0
EV t=279 x=0.5000 y=133.0000 z=-0.1004 og=1 vy=0.0000 inj=0
EV t=280 x=0.5000 y=133.0000 z=-0.1004 og=1 vy=0.0000 inj=0
EV t=281 x=0.5000 y=133.0000 z=-0.1004 og=1 vy=0.0000 inj=0
EV t=282 x=0.5000 y=133.0000 z=-0.1004 og=1 vy=0.0000 inj=0
EV t=283 x=0.5000 y=133.0000 z=-0.1004 og=1 vy=0.0000 inj=0
EV t=284 x=0.5000 y=133.0000 z=-0.1004 og=1 vy=0.0000 inj=0
EV t=285 x=0.5000 y=133.0000 z=-0.1004 og=1 vy=0.0000 inj=0
EV t=286 x=0.5000 y=133.0000 z=-0.1004 og=1 vy=0.0000 inj=0
EV t=287 x=0.5000 y=133.0000 z=-0.1004 og=1 vy=0.0000 inj=0
EV t=288 x=0.5000 y=133.0000 z=-0.1004 og=1 vy=0.0000 inj=0
EV t=289 x=0.5000 y=133.0000 z=-0.1004 og=1 vy=0.0000 inj=0
EV t=290 x=0.5000 y=133.0000 z=-0.1004 og=1 vy=0.0000 inj=0
EV t=291 x=0.5000 y=133.0000 z=-0.1004 og=1 vy=0.0000 inj=0
EV t=292 x=0.5000 y=133.0000 z=-0.1004 og=1 vy=0.0000 inj=0
EV t=293 x=0.5000 y=133.0000 z=-0.1004 og=1 vy=0.0000 inj=0
EV t=294 x=0.5000 y=133.0000 z=-0.1004 og=1 vy=0.0000 inj=0
EV t=295 x=0.5000 y=133.0000 z=-0.1004 og=1 vy=0.0000 inj=0
EV t=296 x=0.5000 y=133.0000 z=-0.1004 og=1 vy=0.0000 inj=0
EV t=297 x=0.5000 y=133.0000 z=-0.1004 og=1 vy=0.0000 inj=0
EV t=298 x=0.5000 y=133.0000 z=-0.1004 og=1 vy=0.0000 inj=0
EV t=299 x=0.5000 y=133.0000 z=-0.1004 og=1 vy=0.0000 inj=0
EV t=300 x=0.5000 y=133.0000 z=-0.1004 og=1 vy=0.0000 inj=0
EV t=301 x=0.5000 y=133.0000 z=-0.1004 og=1 vy=0.0000 inj=0
EV t=302 x=0.5000 y=133.0000 z=-0.1004 og=1 vy=0.0000 inj=0
EV t=303 x=0.5000 y=133.0000 z=-0.1004 og=1 vy=0.0000 inj=0
