[2026-09-19 12:55:47.973] [info] OpenCraft 0.1.0 starting
[2026-09-19 12:55:48.135] [info] GL 4.1 Metal - 89.4 / glad loaded
[2026-09-19 12:55:48.135] [info] save: no level.ocd, new world with seed 0x4f50454e43524146
[2026-09-19 12:55:48.368] [info] startup gen: 25 chunks, total 233.3 ms, avg 9.33 ms/chunk
[2026-09-19 12:55:48.368] [info] spawn scan: surface at (0.5, 132.0, 0.5)
[2026-09-19 12:55:48.368] [info] respawn point: (0.5, 132.0, 0.5)
[2026-09-19 12:55:48.374] [info] atlas: 60/63 block tiles loaded from ../assets/blocks
[2026-09-19 12:55:48.374] [info] atlas: 144x144 px, 9 tiles/row, crack tiles at 63
[2026-09-19 12:55:48.379] [info] mobs: 3/3 mob models loaded from ../assets/mobs
[2026-09-19 12:55:48.379] [info] mob model mossback: 705 voxels, 1544 triangles, 7 joints, 1.4 blocks tall, palette from palettes/mossback.png
[2026-09-19 12:55:48.379] [info] mob model hollow_wretch: 496 voxels, 1592 triangles, 6 joints, 1.8 blocks tall, palette from palettes/hollow_wretch.png
[2026-09-19 12:55:48.379] [info] mob model blastbud: 510 voxels, 1084 triangles, 6 joints, 1.7 blocks tall, palette from palettes/blastbud.png
[2026-09-19 12:55:49.015] [info] mob mossback spawned at (-41.9, 143.0, -46.0) in chunk (-3, -3)
[2026-09-19 12:55:49.015] [info] mob mossback spawned at (-43.0, 143.0, -45.6) in chunk (-3, -3)
[2026-09-19 12:55:49.862] [info] mob mossback spawned at (-75.8, 139.0, -59.1) in chunk (-5, -4)
[2026-09-19 12:55:49.862] [info] mob mossback spawned at (-68.8, 136.0, -39.3) in chunk (-5, -3)
[2026-09-19 12:55:50.411] [info] fps 39.8 | pos (0.50, 132.00, 0.50) | chunks 113 | stream-meshed 104
[2026-09-19 12:55:50.498] [info] mob mossback spawned at (-94.3, 131.0, -70.0) in chunk (-6, -5)
[2026-09-19 12:55:51.209] [info] mob mossback spawned at (-81.6, 134.0, -87.9) in chunk (-6, -6)
[2026-09-19 12:55:51.209] [info] mob mossback spawned at (-81.1, 134.0, -92.2) in chunk (-6, -6)
[2026-09-19 12:55:52.432] [info] fps 67.7 | pos (0.50, 132.00, 0.50) | chunks 113 | stream-meshed 104
[2026-09-19 12:55:53.211] [info] mob blastbud spawned at (-57.8, 42.0, 68.3) in chunk (-4, 4)
[2026-09-19 12:55:54.139] [info] EVIDENCE summon hollow_wretch id=9 at (0.5, 132.0, -1.5)
[2026-09-19 12:55:54.431] [info] fps 72.0 | pos (0.50, 132.00, 0.50) | chunks 113 | stream-meshed 104
[2026-09-19 12:55:54.778] [info] mob event: melee 3.0 damage at (0.7, 132.0, 1.0)
[2026-09-19 12:55:54.778] [info] mob melee for 3.0 at (0.73, 132.00, 0.97); health now 17.0
[2026-09-19 12:55:55.397] [info] mob mossback spawned at (-5.0, 151.0, -125.0) in chunk (-1, -8)
[2026-09-19 12:55:55.412] [info] EVIDENCE summon hollow_wretch id=11 at (0.1, 132.0, -2.3)
[2026-09-19 12:55:56.161] [info] mob event: melee 3.0 damage at (1.0, 133.0, -1.1)
[2026-09-19 12:55:56.161] [info] mob melee for 3.0 at (1.05, 133.00, -1.09); health now 14.0
[2026-09-19 12:55:56.424] [info] mob event: melee 3.0 damage at (0.4, 132.0, 0.4)
[2026-09-19 12:55:56.424] [info] mob melee for 3.0 absorbed by the hurt window (8 tick(s) left, last 3.0)
[2026-09-19 12:55:56.447] [info] fps 66.6 | pos (-0.35, 132.00, 0.12) | chunks 139 | stream-meshed 130
[2026-09-19 12:55:57.494] [info] mob blastbud spawned at (0.2, 104.0, -39.4) in chunk (-1, -3)
[2026-09-19 12:55:57.945] [info] mob event: melee 3.0 damage at (-0.9, 131.0, 0.6)
[2026-09-19 12:55:57.945] [info] mob melee for 3.0 at (-0.89, 131.00, 0.58); health now 11.0
[2026-09-19 12:55:58.016] [info] EVIDENCE armour ON: 4 cell(s), 7 point(s), toughness 0
[2026-09-19 12:55:58.042] [info] mob event: melee 3.0 damage at (-0.0, 132.0, 0.4)
[2026-09-19 12:55:58.042] [info] mob melee for 3.0 absorbed by the hurt window (8 tick(s) left, last 3.0)
[2026-09-19 12:55:58.195] [info] mob blastbud spawned at (16.4, 115.0, -43.3) in chunk (0, -3)
[2026-09-19 12:55:58.458] [info] fps 73.5 | pos (-0.30, 131.00, 0.95) | chunks 140 | stream-meshed 131
[2026-09-19 12:55:58.938] [info] mob event: melee 3.0 damage at (-0.9, 131.0, 0.6)
[2026-09-19 12:55:58.938] [info] mob melee for 2.3 at (-0.89, 131.00, 0.58); health now 8.7
[2026-09-19 12:55:59.036] [info] mob event: melee 3.0 damage at (-0.0, 132.0, 0.4)
[2026-09-19 12:55:59.036] [info] mob melee for 3.0 absorbed by the hurt window (8 tick(s) left, last 3.0)
[2026-09-19 12:55:59.091] [info] 1 mob(s) removed beyond 128 blocks
[2026-09-19 12:55:59.244] [info] mob mossback spawned at (40.2, 140.0, -118.6) in chunk (2, -8)
[2026-09-19 12:55:59.945] [info] mob event: melee 3.0 damage at (-0.9, 131.0, 0.6)
[2026-09-19 12:55:59.945] [info] mob melee for 2.3 at (-0.89, 131.00, 0.58); health now 6.3
[2026-09-19 12:56:00.049] [info] mob event: melee 3.0 damage at (-0.1, 132.0, 0.7)
[2026-09-19 12:56:00.049] [info] mob melee for 3.0 absorbed by the hurt window (8 tick(s) left, last 3.0)
[2026-09-19 12:56:00.473] [info] fps 73.5 | pos (-0.30, 130.00, 2.29) | chunks 140 | stream-meshed 131
[2026-09-19 12:56:01.494] [info] mob event: melee 3.0 damage at (-0.4, 130.0, 2.0)
[2026-09-19 12:56:01.494] [info] mob melee for 2.3 at (-0.39, 130.00, 1.97); health now 4.0
[2026-09-19 12:56:01.549] [info] 1 mob(s) removed beyond 128 blocks
[2026-09-19 12:56:01.605] [info] mob event: melee 3.0 damage at (-0.2, 131.0, 1.7)
[2026-09-19 12:56:01.605] [info] mob mossback spawned at (68.7, 143.0, -67.5) in chunk (4, -4)
[2026-09-19 12:56:01.605] [info] mob melee for 3.0 absorbed by the hurt window (8 tick(s) left, last 3.0)
[2026-09-19 12:56:01.635] [info] EVIDENCE summon hollow_wretch id=14 at (0.7, 130.0, 0.9)
[2026-09-19 12:56:02.003] [info] EVIDENCE summon hollow_wretch id=15 at (-0.3, 130.0, 1.1)
[2026-09-19 12:56:02.257] [info] mob event: melee 3.0 damage at (-0.3, 131.5, 1.8)
[2026-09-19 12:56:02.257] [info] mob melee for 2.3 at (-0.30, 131.53, 1.84); health now 1.6
[2026-09-19 12:56:02.350] [info] EVIDENCE summon hollow_wretch id=16 at (0.7, 130.0, 1.8)
[2026-09-19 12:56:02.404] [info] autosave: 0 chunk(s) queued for async write, level written (ticks=199)
[2026-09-19 12:56:02.479] [info] fps 73.7 | pos (-0.30, 130.00, 3.95) | chunks 140 | stream-meshed 131
[2026-09-19 12:56:02.507] [info] mob event: melee 3.0 damage at (-0.3, 130.0, 2.9)
[2026-09-19 12:56:02.507] [info] mob melee for 3.0 absorbed by the hurt window (5 tick(s) left, last 3.0)
[2026-09-19 12:56:02.604] [info] mob event: melee 3.0 damage at (-0.3, 131.0, 3.2)
[2026-09-19 12:56:02.604] [info] mob melee for 3.0 absorbed by the hurt window (3 tick(s) left, last 3.0)
[2026-09-19 12:56:03.410] [info] mob event: melee 3.0 damage at (0.1, 131.0, 2.8)
[2026-09-19 12:56:03.410] [info] mob melee for 1.6 at (0.14, 131.00, 2.80); health now 0.0
[2026-09-19 12:56:03.410] [info] player died at (-0.30, 130.00, 4.02); 22 stack(s) dropped, 0 refused (slots left: 0)
[2026-09-19 12:56:03.868] [info] mob event: melee 3.0 damage at (-0.3, 130.0, 4.2)
[2026-09-19 12:56:04.118] [info] mob event: melee 3.0 damage at (-0.3, 130.0, 3.3)
[2026-09-19 12:56:04.215] [info] mob event: melee 3.0 damage at (-0.3, 131.0, 3.3)
[2026-09-19 12:56:04.424] [info] mob event: melee 3.0 damage at (-0.0, 131.0, 3.3)
[2026-09-19 12:56:04.493] [info] fps 73.0 | pos (-0.30, 130.00, 4.02) | chunks 140 | stream-meshed 131
