[2026-09-19 00:54:51.802] [info] OpenCraft 0.1.0 starting
[2026-09-19 00:54:52.087] [info] GL 4.1 Metal - 89.4 / glad loaded
[2026-09-19 00:54:52.087] [info] save: no level.ocd, new world with seed 0x4f50454e43524146
[2026-09-19 00:54:52.318] [info] startup gen: 25 chunks, total 231.2 ms, avg 9.25 ms/chunk
[2026-09-19 00:54:52.318] [info] spawn scan: surface at (0.5, 132.0, 0.5)
[2026-09-19 00:54:52.318] [info] respawn point: (0.5, 132.0, 0.5)
[2026-09-19 00:54:52.323] [info] atlas: 60/63 block tiles loaded from ../assets/blocks
[2026-09-19 00:54:52.323] [info] atlas: 144x144 px, 9 tiles/row, crack tiles at 63
[2026-09-19 00:54:52.335] [info] mobs: 3/3 mob models loaded from ../assets/mobs
[2026-09-19 00:54:52.335] [info] mob model mossback: 705 voxels, 1544 triangles, 7 joints, 1.4 blocks tall, palette from palettes/mossback.png
[2026-09-19 00:54:52.335] [info] mob model hollow_wretch: 496 voxels, 1592 triangles, 6 joints, 1.8 blocks tall, palette from palettes/hollow_wretch.png
[2026-09-19 00:54:52.335] [info] mob model blastbud: 510 voxels, 1084 triangles, 6 joints, 1.7 blocks tall, palette from palettes/blastbud.png
[2026-09-19 00:54:54.366] [info] fps 44.3 | pos (0.50, 132.00, 0.50) | chunks 113 | stream-meshed 104
[2026-09-19 00:54:54.605] [info] mob mossback spawned at (-102.1, 133.0, -45.1) in chunk (-7, -3)
[2026-09-19 00:54:54.605] [info] mob mossback spawned at (-98.9, 133.0, -46.2) in chunk (-7, -3)
[2026-09-19 00:54:54.605] [info] mob mossback spawned at (-101.4, 133.0, -45.1) in chunk (-7, -3)
[2026-09-19 00:54:54.605] [info] mob mossback spawned at (-99.8, 133.0, -45.6) in chunk (-7, -3)
[2026-09-19 00:54:54.605] [info] mob mossback spawned at (-100.7, 132.0, -21.6) in chunk (-7, -2)
[2026-09-19 00:54:54.605] [info] mob mossback spawned at (-100.0, 132.0, -23.4) in chunk (-7, -2)
[2026-09-19 00:54:54.605] [info] mob mossback spawned at (-104.6, 130.0, -14.1) in chunk (-7, -1)
[2026-09-19 00:54:56.380] [info] fps 91.0 | pos (0.50, 132.00, 0.50) | chunks 113 | stream-meshed 104
[2026-09-19 00:54:57.082] [info] mob blastbud spawned at (-57.8, 42.0, 68.3) in chunk (-4, 4)
[2026-09-19 00:54:58.394] [info] fps 95.7 | pos (0.50, 132.00, 0.50) | chunks 113 | stream-meshed 104
[2026-09-19 00:55:00.401] [info] fps 95.8 | pos (0.50, 132.00, 0.50) | chunks 113 | stream-meshed 104
[2026-09-19 00:55:02.408] [info] fps 95.7 | pos (0.50, 132.00, 0.50) | chunks 113 | stream-meshed 104
[2026-09-19 00:55:02.442] [info] mob blastbud spawned at (79.2, 85.0, -21.4) in chunk (4, -2)
[2026-09-19 00:55:02.442] [info] mob blastbud spawned at (75.3, 85.0, -18.0) in chunk (4, -2)
[2026-09-19 00:55:02.442] [info] mob blastbud spawned at (76.3, 85.0, -19.6) in chunk (4, -2)
[2026-09-19 00:55:02.442] [info] mob blastbud spawned at (78.0, 85.0, -20.0) in chunk (4, -2)
[2026-09-19 00:55:04.421] [info] fps 96.2 | pos (0.50, 132.00, 0.50) | chunks 113 | stream-meshed 104
[2026-09-19 00:55:04.506] [info] autosave: 0 chunk(s) queued for async write, level written (ticks=199)
