[2026-09-19 00:55:13.569] [info] OpenCraft 0.1.0 starting
[2026-09-19 00:55:13.668] [info] GL 4.1 Metal - 89.4 / glad loaded
[2026-09-19 00:55:13.668] [info] save: loaded level.ocd (seed=0x4f50454e43524146, ticks=199, player=(0.50, 132.00, 0.50), hp=20.0)
[2026-09-19 00:55:13.889] [info] startup gen: 25 chunks, total 220.7 ms, avg 8.83 ms/chunk
[2026-09-19 00:55:13.889] [info] respawn point: (0.5, 132.0, 0.5)
[2026-09-19 00:55:13.894] [info] atlas: 60/63 block tiles loaded from ../assets/blocks
[2026-09-19 00:55:13.894] [info] atlas: 144x144 px, 9 tiles/row, crack tiles at 63
[2026-09-19 00:55:13.897] [info] mobs: 0/3 mob models loaded from ../assets/mobs
[2026-09-19 00:55:15.454] [info] mob hollow_wretch spawned at (-95.1, 87.0, -38.1) in chunk (-6, -3)
[2026-09-19 00:55:15.454] [info] mob mossback spawned at (-92.3, 133.0, -29.8) in chunk (-6, -3)
[2026-09-19 00:55:15.454] [info] mob mossback spawned at (-87.8, 133.0, -33.0) in chunk (-6, -3)
[2026-09-19 00:55:15.454] [info] mob mossback spawned at (-87.6, 133.0, -33.6) in chunk (-6, -3)
[2026-09-19 00:55:15.454] [info] mob mossback spawned at (-90.0, 133.0, -33.6) in chunk (-6, -3)
[2026-09-19 00:55:15.454] [info] mob mossback spawned at (-94.8, 131.0, -20.0) in chunk (-6, -2)
[2026-09-19 00:55:15.920] [info] fps 45.5 | pos (0.50, 132.00, 0.50) | chunks 113 | stream-meshed 104
[2026-09-19 00:55:16.108] [info] mob mossback spawned at (-95.6, 134.0, -62.8) in chunk (-7, -4)
[2026-09-19 00:55:16.109] [info] mob mossback spawned at (-103.1, 133.0, -40.6) in chunk (-7, -3)
[2026-09-19 00:55:17.935] [info] fps 92.4 | pos (0.50, 132.00, 0.50) | chunks 113 | stream-meshed 104
[2026-09-19 00:55:18.643] [info] mob blastbud spawned at (-57.8, 42.0, 68.3) in chunk (-4, 4)
[2026-09-19 00:55:19.942] [info] fps 95.8 | pos (0.50, 132.00, 0.50) | chunks 113 | stream-meshed 104
[2026-09-19 00:55:21.949] [info] fps 95.6 | pos (0.50, 132.00, 0.50) | chunks 113 | stream-meshed 104
[2026-09-19 00:55:23.962] [info] fps 96.2 | pos (0.50, 132.00, 0.50) | chunks 113 | stream-meshed 104
[2026-09-19 00:55:24.026] [info] mob blastbud spawned at (79.2, 85.0, -21.4) in chunk (4, -2)
[2026-09-19 00:55:24.026] [info] mob blastbud spawned at (75.3, 85.0, -18.0) in chunk (4, -2)
[2026-09-19 00:55:24.026] [info] mob blastbud spawned at (76.3, 85.0, -19.6) in chunk (4, -2)
[2026-09-19 00:55:24.026] [info] mob blastbud spawned at (78.0, 85.0, -20.0) in chunk (4, -2)
