[2026-09-16 04:18:30.219] [info] OpenCraft 0.1.0 starting
[2026-09-16 04:18:30.318] [info] GL 4.1 Metal - 89.4 / glad loaded
[2026-09-16 04:18:30.318] [info] save: no level.ocd, new world with seed 0x4f50454e43524146
[2026-09-16 04:18:30.326] [info] spawn scan: surface at (0.5, 132.0, 0.5)
[2026-09-16 04:18:30.534] [info] startup gen: 24 chunks, total 207.6 ms, avg 8.65 ms/chunk, max 9.50 ms
[2026-09-16 04:18:30.534] [info] atlas: 144x144 px, 9 tiles/row, crack tiles at 63
[2026-09-16 04:18:32.573] [info] fps 46.6 | pos (0.50, 132.00, 0.50) | chunks 113 | stream-meshed 104
[2026-09-16 04:18:34.581] [info] fps 92.9 | pos (0.50, 132.00, 0.50) | chunks 113 | stream-meshed 104
[2026-09-16 04:18:36.595] [info] fps 95.7 | pos (0.50, 132.00, 0.50) | chunks 113 | stream-meshed 104
[2026-09-16 04:18:38.601] [info] fps 94.8 | pos (0.50, 132.00, 0.50) | chunks 113 | stream-meshed 104
[2026-09-16 04:18:40.608] [info] fps 94.2 | pos (0.50, 132.00, 0.50) | chunks 113 | stream-meshed 104
[2026-09-16 04:18:40.832] [info] placed stone at (0, 132, -3); consumed 1 from slot 0 (63 left)
[2026-09-16 04:18:40.855] [info] remeshed 6 chunk(s) in 23.38 ms (last mesh 3.09 ms)
[2026-09-16 04:18:42.624] [info] fps 87.1 | pos (0.50, 132.00, 0.50) | chunks 113 | stream-meshed 104
[2026-09-16 04:18:42.653] [info] autosave: 1 chunk(s) queued for async write, level written (ticks=199)
[2026-09-16 04:18:42.761] [info] placed grass_block at (0, 132, -2); consumed 1 from slot 1 (31 left)
[2026-09-16 04:18:42.786] [info] remeshed 6 chunk(s) in 25.43 ms (last mesh 3.46 ms)
[2026-09-16 04:18:44.632] [info] placed planks at (0, 132, -1); consumed 1 from slot 2 (7 left)
[2026-09-16 04:18:44.647] [info] remeshed 4 chunk(s) in 15.43 ms (last mesh 3.44 ms)
[2026-09-16 04:18:44.648] [info] fps 88.8 | pos (0.50, 132.00, 0.50) | chunks 113 | stream-meshed 104
[2026-09-16 04:18:46.657] [info] fps 85.4 | pos (0.50, 132.00, 0.50) | chunks 113 | stream-meshed 104
